Archive member included to satisfy reference by file (symbol)

/home/user/gcc-arm-none-eabi-5_4-2016q3/bin/../lib/gcc/arm-none-eabi/5.4.1/../../../../arm-none-eabi/lib/armv7e-m/fpu/fpv5-d16/libc.a(lib_a-exit.o)
                              /home/user/gcc-arm-none-eabi-5_4-2016q3/bin/../lib/gcc/arm-none-eabi/5.4.1/../../../../arm-none-eabi/lib/armv7e-m/fpu/fpv5-d16/crt0.o (exit)
/home/user/gcc-arm-none-eabi-5_4-2016q3/bin/../lib/gcc/arm-none-eabi/5.4.1/../../../../arm-none-eabi/lib/armv7e-m/fpu/fpv5-d16/libc.a(lib_a-impure.o)
                              /home/user/gcc-arm-none-eabi-5_4-2016q3/bin/../lib/gcc/arm-none-eabi/5.4.1/../../../../arm-none-eabi/lib/armv7e-m/fpu/fpv5-d16/libc.a(lib_a-exit.o) (_global_impure_ptr)
/home/user/gcc-arm-none-eabi-5_4-2016q3/bin/../lib/gcc/arm-none-eabi/5.4.1/../../../../arm-none-eabi/lib/armv7e-m/fpu/fpv5-d16/libc.a(lib_a-init.o)
                              /home/user/gcc-arm-none-eabi-5_4-2016q3/bin/../lib/gcc/arm-none-eabi/5.4.1/../../../../arm-none-eabi/lib/armv7e-m/fpu/fpv5-d16/crt0.o (__libc_init_array)
/home/user/gcc-arm-none-eabi-5_4-2016q3/bin/../lib/gcc/arm-none-eabi/5.4.1/../../../../arm-none-eabi/lib/armv7e-m/fpu/fpv5-d16/libc.a(lib_a-memset.o)
                              /home/user/gcc-arm-none-eabi-5_4-2016q3/bin/../lib/gcc/arm-none-eabi/5.4.1/../../../../arm-none-eabi/lib/armv7e-m/fpu/fpv5-d16/crt0.o (memset)
/home/user/gcc-arm-none-eabi-5_4-2016q3/bin/../lib/gcc/arm-none-eabi/5.4.1/../../../../arm-none-eabi/lib/armv7e-m/fpu/fpv5-d16/libc.a(lib_a-__call_atexit.o)
                              /home/user/gcc-arm-none-eabi-5_4-2016q3/bin/../lib/gcc/arm-none-eabi/5.4.1/../../../../arm-none-eabi/lib/armv7e-m/fpu/fpv5-d16/libc.a(lib_a-exit.o) (__call_exitprocs)
/home/user/gcc-arm-none-eabi-5_4-2016q3/bin/../lib/gcc/arm-none-eabi/5.4.1/../../../../arm-none-eabi/lib/armv7e-m/fpu/fpv5-d16/libc.a(lib_a-atexit.o)
                              /home/user/gcc-arm-none-eabi-5_4-2016q3/bin/../lib/gcc/arm-none-eabi/5.4.1/../../../../arm-none-eabi/lib/armv7e-m/fpu/fpv5-d16/libc.a(lib_a-__call_atexit.o) (atexit)
/home/user/gcc-arm-none-eabi-5_4-2016q3/bin/../lib/gcc/arm-none-eabi/5.4.1/../../../../arm-none-eabi/lib/armv7e-m/fpu/fpv5-d16/libc.a(lib_a-fini.o)
                              /home/user/gcc-arm-none-eabi-5_4-2016q3/bin/../lib/gcc/arm-none-eabi/5.4.1/../../../../arm-none-eabi/lib/armv7e-m/fpu/fpv5-d16/libc.a(lib_a-__call_atexit.o) (__libc_fini_array)
/home/user/gcc-arm-none-eabi-5_4-2016q3/bin/../lib/gcc/arm-none-eabi/5.4.1/../../../../arm-none-eabi/lib/armv7e-m/fpu/fpv5-d16/libc.a(lib_a-__atexit.o)
                              /home/user/gcc-arm-none-eabi-5_4-2016q3/bin/../lib/gcc/arm-none-eabi/5.4.1/../../../../arm-none-eabi/lib/armv7e-m/fpu/fpv5-d16/libc.a(lib_a-atexit.o) (__register_exitproc)
/home/user/gcc-arm-none-eabi-5_4-2016q3/bin/../lib/gcc/arm-none-eabi/5.4.1/armv7e-m/fpu/fpv5-d16/libgcc.a(_aeabi_uldivmod.o)
                              /home/user/template-qbs-stm32f746g-disco/template-qbs-stm32f746g-disco/build-template-qbs-stm32f46g-disco-arm_none_eabi_Cortex_M_with_openocd-Debug/qtc_arm_none_eabi_Cortex_M_with_openocd_Debug/QT-STM32746G-Discovery.7927c242/45fda397fbc5036c/stm32f7xx_hal_rcc.c.o (__aeabi_uldivmod)
/home/user/gcc-arm-none-eabi-5_4-2016q3/bin/../lib/gcc/arm-none-eabi/5.4.1/armv7e-m/fpu/fpv5-d16/libgcc.a(_udivmoddi4.o)
                              /home/user/gcc-arm-none-eabi-5_4-2016q3/bin/../lib/gcc/arm-none-eabi/5.4.1/armv7e-m/fpu/fpv5-d16/libgcc.a(_aeabi_uldivmod.o) (__udivmoddi4)
/home/user/gcc-arm-none-eabi-5_4-2016q3/bin/../lib/gcc/arm-none-eabi/5.4.1/armv7e-m/fpu/fpv5-d16/libgcc.a(_dvmd_tls.o)
                              /home/user/gcc-arm-none-eabi-5_4-2016q3/bin/../lib/gcc/arm-none-eabi/5.4.1/armv7e-m/fpu/fpv5-d16/libgcc.a(_aeabi_uldivmod.o) (__aeabi_ldiv0)
/home/user/gcc-arm-none-eabi-5_4-2016q3/bin/../lib/gcc/arm-none-eabi/5.4.1/../../../../arm-none-eabi/lib/armv7e-m/fpu/fpv5-d16/libc.a(lib_a-malloc.o)
                              /home/user/template-qbs-stm32f746g-disco/template-qbs-stm32f746g-disco/build-template-qbs-stm32f46g-disco-arm_none_eabi_Cortex_M_with_openocd-Debug/qtc_arm_none_eabi_Cortex_M_with_openocd_Debug/QT-STM32746G-Discovery.7927c242/f25a89e768a8c55d/usbh_cdc.c.o (malloc)
/home/user/gcc-arm-none-eabi-5_4-2016q3/bin/../lib/gcc/arm-none-eabi/5.4.1/../../../../arm-none-eabi/lib/armv7e-m/fpu/fpv5-d16/libc.a(lib_a-mallocr.o)
                              /home/user/gcc-arm-none-eabi-5_4-2016q3/bin/../lib/gcc/arm-none-eabi/5.4.1/../../../../arm-none-eabi/lib/armv7e-m/fpu/fpv5-d16/libc.a(lib_a-malloc.o) (_malloc_r)
/home/user/gcc-arm-none-eabi-5_4-2016q3/bin/../lib/gcc/arm-none-eabi/5.4.1/../../../../arm-none-eabi/lib/armv7e-m/fpu/fpv5-d16/libc.a(lib_a-memcpy.o)
[...]
Memory Configuration

Name             Origin             Length             Attributes
RAM              0x20000000         0x00050000         xrw
FLASH            0x08000000         0x00100000         xr
*default*        0x00000000         0xffffffff

Linker script and memory map

LOAD /home/user/gcc-arm-none-eabi-5_4-2016q3/bin/../lib/gcc/arm-none-eabi/5.4.1/armv7e-m/fpu/fpv5-d16/crti.o
LOAD /home/user/gcc-arm-none-eabi-5_4-2016q3/bin/../lib/gcc/arm-none-eabi/5.4.1/armv7e-m/fpu/fpv5-d16/crtbegin.o
LOAD /home/user/gcc-arm-none-eabi-5_4-2016q3/bin/../lib/gcc/arm-none-eabi/5.4.1/../../../../arm-none-eabi/lib/armv7e-m/fpu/fpv5-d16/crt0.o
                0x20050000                _estack = 0x20050000
                0x00000400                _Min_Heap_Size = 0x400
                0x00000800                _Min_Stack_Size = 0x800

.isr_vector     0x08000000      0x1c8
                0x08000000                . = ALIGN (0x4)
 *(.isr_vector)
 .isr_vector    0x08000000      0x1c8 /home/user/template-qbs-stm32f746g-disco/template-qbs-stm32f746g-disco/build-template-qbs-stm32f46g-disco-arm_none_eabi_Cortex_M_with_openocd-Debug/qtc_arm_none_eabi_Cortex_M_with_openocd_Debug/QT-STM32746G-Discovery.7927c242/1396dc6ed8d6b3b7/startup_stm32f746xx.s.o
                0x08000000                g_pfnVectors
                0x080001c8                . = ALIGN (0x4)

.text           0x080001d0    0x32b60
                0x080001d0                . = ALIGN (0x4)
 *(.text)
 .text          0x080001d0       0x5c /home/user/gcc-arm-none-eabi-5_4-2016q3/bin/../lib/gcc/arm-none-eabi/5.4.1/armv7e-m/fpu/fpv5-d16/crtbegin.o
 .text          0x0800022c      0xa94 /home/user/template-qbs-stm32f746g-disco/template-qbs-stm32f746g-disco/build-template-qbs-stm32f46g-disco-arm_none_eabi_Cortex_M_with_openocd-Debug/qtc_arm_none_eabi_Cortex_M_with_openocd_Debug/QT-STM32746G-Discovery.7927c242/0c1ddc89d37dbd9a/usbh_core.c.o
                0x0800022c                USBH_Init
                0x080002d0                USBH_DeInit
                0x08000398                USBH_RegisterClass
                0x080003ec                USBH_SelectInterface
                0x08000424                USBH_GetActiveClass
                0x08000440                USBH_FindInterface
                0x080004d8                USBH_FindInterfaceIndex
                0x08000548                USBH_Start
                0x08000568                USBH_Stop
                0x080005a0                USBH_ReEnumerate
                0x080005dc                USBH_Process
                0x08000b34                USBH_LL_SetTimer
                0x08000b54                USBH_LL_IncTimer
                0x08000ba8                USBH_LL_Connect
                0x08000c04                USBH_LL_Disconnect
                0x08000c9c                USBH_LL_NotifyURBChange
 .text          0x08000cc0      0xa58 /home/user/template-qbs-stm32f746g-disco/template-qbs-stm32f746g-disco/build-template-qbs-stm32f46g-disco-arm_none_eabi_Cortex_M_with_openocd-Debug/qtc_arm_none_eabi_Cortex_M_with_openocd_Debug/QT-STM32746G-Discovery.7927c242/0c1ddc89d37dbd9a/usbh_ctlreq.c.o
                0x08000cc0                USBH_Get_DevDesc
                0x08000d10                USBH_Get_CfgDesc
                0x08000d58                USBH_Get_StringDesc
                0x08000db0                USBH_GetDescriptor
                0x08000e1c                USBH_SetAddress
                0x08000e64                USBH_SetCfg
                0x08000eac                USBH_SetInterface
                0x08000efc                USBH_ClrFeature
                0x08001294                USBH_GetNextDesc
                0x080012cc                USBH_CtlReq
 .text          0x08001718      0x234 /home/user/template-qbs-stm32f746g-disco/template-qbs-stm32f746g-disco/build-template-qbs-stm32f46g-disco-arm_none_eabi_Cortex_M_with_openocd-Debug/qtc_arm_none_eabi_Cortex_M_with_openocd_Debug/QT-STM32746G-Discovery.7927c242/0c1ddc89d37dbd9a/usbh_ioreq.c.o
                0x08001718                USBH_CtlSendSetup
                0x0800174c                USBH_CtlSendData
                0x08001798                USBH_CtlReceiveData
                0x080017d4                USBH_BulkSendData
                0x08001820                USBH_BulkReceiveData
                0x0800185c                USBH_InterruptReceiveData
                0x0800189c                USBH_InterruptSendData
                0x080018dc                USBH_IsocReceiveData
                0x08001914                USBH_IsocSendData
 .text          0x0800194c      0x128 /home/user/template-qbs-stm32f746g-disco/template-qbs-stm32f746g-disco/build-template-qbs-stm32f46g-disco-arm_none_eabi_Cortex_M_with_openocd-Debug/qtc_arm_none_eabi_Cortex_M_with_openocd_Debug/QT-STM32746G-Discovery.7927c242/0c1ddc89d37dbd9a/usbh_pipes.c.o
                0x0800194c                USBH_OpenPipe
                0x0800198c                USBH_ClosePipe
                0x080019ac                USBH_AllocPipe
                0x080019ec                USBH_FreePipe
 .text          0x08001a74      0x16c /home/user/template-qbs-stm32f746g-disco/template-qbs-stm32f746g-disco/build-template-qbs-stm32f46g-disco-arm_none_eabi_Cortex_M_with_openocd-Debug/qtc_arm_none_eabi_Cortex_M_with_openocd_Debug/QT-STM32746G-Discovery.7927c242/15d534c8641577f7/list.c.o
                0x08001a74                vListInitialise
                0x08001ab4                vListInitialiseItem
                0x08001ad0                vListInsertEnd
                0x08001b18                vListInsert
                0x08001b8c                uxListRemove
 .text          0x08001be0     0x1058 /home/user/template-qbs-stm32f746g-disco/template-qbs-stm32f746g-disco/build-template-qbs-stm32f46g-disco-arm_none_eabi_Cortex_M_with_openocd-Debug/qtc_arm_none_eabi_Cortex_M_with_openocd_Debug/QT-STM32746G-Discovery.7927c242/15d534c8641577f7/queue.c.o
                0x08001be0                xQueueGenericReset
                0x08001cb4                xQueueGenericCreate
                0x08001da0                xQueueCreateMutex
                0x08001dd0                xQueueGiveMutexRecursive
                0x08001e3c                xQueueTakeMutexRecursive
                0x08001eb0                xQueueCreateCountingSemaphore
                0x08001f1c                xQueueGenericSend
                0x08002120                xQueueGenericSendFromISR
                0x08002258                xQueueGiveFromISR
                0x0800237c                xQueueGenericReceive
                0x080025ac                xQueueReceiveFromISR
                0x080026b4                xQueuePeekFromISR
                0x08002790                uxQueueMessagesWaiting
                0x080027d0                uxQueueSpacesAvailable
                0x08002818                uxQueueMessagesWaitingFromISR
                0x08002854                vQueueDelete
                0x08002a84                xQueueIsQueueEmptyFromISR
                0x08002afc                xQueueIsQueueFullFromISR
                0x08002b48                vQueueAddToRegistry
                0x08002b98                pcQueueGetName
                0x08002be4                vQueueUnregisterQueue
 .text          0x08002c38     0x1d54 /home/user/template-qbs-stm32f746g-disco/template-qbs-stm32f746g-disco/build-template-qbs-stm32f46g-disco-arm_none_eabi_Cortex_M_with_openocd-Debug/qtc_arm_none_eabi_Cortex_M_with_openocd_Debug/QT-STM32746G-Discovery.7927c242/15d534c8641577f7/tasks.c.o
                0x08002c38                xTaskCreate
                0x08002ea8                vTaskDelete
                0x08002fc8                vTaskDelay
                0x08003034                uxTaskPriorityGet
                0x08003068                uxTaskPriorityGetFromISR
                0x080030c4                vTaskPrioritySet
                0x08003224                vTaskSuspend
                0x080033b0                vTaskResume
                0x0800346c                xTaskResumeFromISR
                0x08003554                vTaskStartScheduler
                0x080035e8                vTaskEndScheduler
                0x0800361c                vTaskSuspendAll
                0x08003638                xTaskResumeAll
                0x08003774                xTaskGetTickCount
                0x08003794                xTaskGetTickCountFromISR
                0x080037b8                uxTaskGetNumberOfTasks
                0x080037d0                pcTaskGetName
                0x0800381c                xTaskIncrementTick
                0x08003998                vTaskSetApplicationTaskTag
                0x080039d0                xTaskGetApplicationTaskTag
                0x08003a08                xTaskCallApplicationTaskHook
                0x08003a4c                vTaskSwitchContext
                0x08003b50                vTaskPlaceOnEventList
                0x08003b9c                vTaskPlaceOnUnorderedEventList
                0x08003c18                xTaskRemoveFromEventList
                0x08003ce0                xTaskRemoveFromUnorderedEventList
                0x08003db4                vTaskSetTimeOutState
                0x08003e00                xTaskCheckForTimeOut
                0x08003ec4                vTaskMissedYield
                0x08004074                xTaskGetCurrentTaskHandle
                0x08004094                xTaskGetSchedulerState
                0x080040d0                vTaskPriorityInherit
                0x080041bc                xTaskPriorityDisinherit
                0x080042cc                uxTaskResetEventItemValue
                0x080042fc                pvTaskIncrementMutexHeldCount
                0x08004324                ulTaskNotifyTake
                0x080043b4                xTaskNotifyWait
                0x08004468                xTaskGenericNotify
                0x080045b0                xTaskGenericNotifyFromISR
                0x08004748                vTaskNotifyGiveFromISR
                0x08004874                xTaskNotifyStateClear
 *fill*         0x0800498c        0x4 
 .text          0x08004990      0x440 /home/user/template-qbs-stm32f746g-disco/template-qbs-stm32f746g-disco/build-template-qbs-stm32f46g-disco-arm_none_eabi_Cortex_M_with_openocd-Debug/qtc_arm_none_eabi_Cortex_M_with_openocd_Debug/QT-STM32746G-Discovery.7927c242/20aaa76c9ae244e9/port.c.o
                0x08004990                pxPortInitialiseStack
                0x08004a3c                SVC_Handler
                0x08004a84                xPortStartScheduler
                0x08004b54                vPortEndScheduler
                0x08004b8c                vPortEnterCritical
                0x08004bf0                vPortExitCritical
                0x08004c44                PendSV_Handler
                0x08004cb8                xPortSysTickHandler
                0x08004cfc                vPortSetupTimerInterrupt
                0x08004d44                vPortValidateInterruptPriority
 .text          0x08004dd0      0x3f8 /home/user/template-qbs-stm32f746g-disco/template-qbs-stm32f746g-disco/build-template-qbs-stm32f46g-disco-arm_none_eabi_Cortex_M_with_openocd-Debug/qtc_arm_none_eabi_Cortex_M_with_openocd_Debug/QT-STM32746G-Discovery.7927c242/45fda397fbc5036c/stm32f7xx_hal.c.o
                0x08004dd0                HAL_Init
                0x08004dec                HAL_DeInit
                0x08004e54                HAL_MspDeInit
                0x08004ec4                HAL_IncTick
                0x08004eec                HAL_GetTick
                0x08004f04                HAL_GetTickPrio
                0x08004f1c                HAL_SetTickFreq
                0x08004f5c                HAL_GetTickFreq
                0x08004f74                HAL_Delay
                0x08004ff8                HAL_GetHalVersion
                0x0800500c                HAL_GetREVID
                0x08005024                HAL_GetDEVID
                0x08005040                HAL_GetUIDw0
                0x08005058                HAL_GetUIDw1
                0x08005070                HAL_GetUIDw2
                0x08005088                HAL_DBGMCU_EnableDBGSleepMode
                0x080050a8                HAL_DBGMCU_DisableDBGSleepMode
                0x080050c8                HAL_DBGMCU_EnableDBGStopMode
                0x080050e8                HAL_DBGMCU_DisableDBGStopMode
                0x08005108                HAL_DBGMCU_EnableDBGStandbyMode
                0x08005128                HAL_DBGMCU_DisableDBGStandbyMode
                0x08005148                HAL_EnableCompensationCell
                0x08005168                HAL_DisableCompensationCell
                0x08005188                HAL_EnableFMCMemorySwapping
                0x080051a8                HAL_DisableFMCMemorySwapping
 .text          0x080051c8     0x11a8 /home/user/template-qbs-stm32f746g-disco/template-qbs-stm32f746g-disco/build-template-qbs-stm32f46g-disco-arm_none_eabi_Cortex_M_with_openocd-Debug/qtc_arm_none_eabi_Cortex_M_with_openocd_Debug/QT-STM32746G-Discovery.7927c242/45fda397fbc5036c/stm32f7xx_hal_adc.c.o
                0x080051c8                HAL_ADC_Init
                0x08005250                HAL_ADC_DeInit
                0x080052dc                HAL_ADC_Start
                0x08005424                HAL_ADC_Stop
                0x0800548c                HAL_ADC_PollForConversion
                0x08005590                HAL_ADC_PollForEvent
                0x08005638                HAL_ADC_Start_IT
                0x08005794                HAL_ADC_Stop_IT
                0x08005810                HAL_ADC_IRQHandler
                0x08005a90                HAL_ADC_Start_DMA
                0x08005c30                HAL_ADC_Stop_DMA
                0x08005cc4                HAL_ADC_GetValue
                0x08005ce0                HAL_ADC_ConvCpltCallback
                0x08005cf4                HAL_ADC_ConvHalfCpltCallback
                0x08005d08                HAL_ADC_LevelOutOfWindowCallback
                0x08005d1c                HAL_ADC_ErrorCallback
                0x08005d30                HAL_ADC_ConfigChannel
                0x08005f9c                HAL_ADC_AnalogWDGConfig
                0x0800605c                HAL_ADC_GetState
                0x08006074                HAL_ADC_GetError
 .text          0x08006370      0xc6c /home/user/template-qbs-stm32f746g-disco/template-qbs-stm32f746g-disco/build-template-qbs-stm32f46g-disco-arm_none_eabi_Cortex_M_with_openocd-Debug/qtc_arm_none_eabi_Cortex_M_with_openocd_Debug/QT-STM32746G-Discovery.7927c242/45fda397fbc5036c/stm32f7xx_hal_adc_ex.c.o
                0x08006370                HAL_ADCEx_InjectedStart
                0x080064e8                HAL_ADCEx_InjectedStart_IT
                0x08006670                HAL_ADCEx_InjectedStop
                0x08006708                HAL_ADCEx_InjectedPollForConversion
                0x080067f0                HAL_ADCEx_InjectedStop_IT
                0x08006898                HAL_ADCEx_InjectedGetValue
                0x08006908                HAL_ADCEx_MultiModeStart_DMA
                0x08006a7c                HAL_ADCEx_MultiModeStop_DMA
                0x08006b10                HAL_ADCEx_MultiModeGetValue
                0x08006b2c                HAL_ADCEx_InjectedConvCpltCallback
                0x08006b40                HAL_ADCEx_InjectedConfigChannel
                0x08006e60                HAL_ADCEx_MultiModeConfigChannel
 .text          0x08006fdc      0x628 /home/user/template-qbs-stm32f746g-disco/template-qbs-stm32f746g-disco/build-template-qbs-stm32f46g-disco-arm_none_eabi_Cortex_M_with_openocd-Debug/qtc_arm_none_eabi_Cortex_M_with_openocd_Debug/QT-STM32746G-Discovery.7927c242/45fda397fbc5036c/stm32f7xx_hal_cortex.c.o
                0x08007360                HAL_NVIC_SetPriorityGrouping
                0x08007378                HAL_NVIC_SetPriority
                0x080073b0                HAL_NVIC_EnableIRQ
                0x080073cc                HAL_NVIC_DisableIRQ
                0x080073e8                HAL_NVIC_SystemReset
                0x080073f4                HAL_SYSTICK_Config
                0x0800740c                HAL_MPU_Disable
                0x08007438                HAL_MPU_Enable
                0x08007474                HAL_MPU_ConfigRegion
                0x080074fc                HAL_NVIC_GetPriorityGrouping
                0x0800750c                HAL_NVIC_GetPriority
                0x08007538                HAL_NVIC_SetPendingIRQ
                0x08007554                HAL_NVIC_GetPendingIRQ
                0x08007574                HAL_NVIC_ClearPendingIRQ
                0x08007590                HAL_NVIC_GetActive
                0x080075b0                HAL_SYSTICK_CLKSourceConfig
                0x080075e8                HAL_SYSTICK_IRQHandler
                0x080075f4                HAL_SYSTICK_Callback
 .text          0x08007604      0x44c /home/user/template-qbs-stm32f746g-disco/template-qbs-stm32f746g-disco/build-template-qbs-stm32f46g-disco-arm_none_eabi_Cortex_M_with_openocd-Debug/qtc_arm_none_eabi_Cortex_M_with_openocd_Debug/QT-STM32746G-Discovery.7927c242/45fda397fbc5036c/stm32f7xx_hal_crc.c.o
                0x08007604                HAL_CRC_Init
                0x080076cc                HAL_CRC_DeInit
                0x08007754                HAL_CRC_Accumulate
                0x080077f4                HAL_CRC_Calculate
                0x08007a34                HAL_CRC_GetState
 .text          0x08007a50      0x164 /home/user/template-qbs-stm32f746g-disco/template-qbs-stm32f746g-disco/build-template-qbs-stm32f46g-disco-arm_none_eabi_Cortex_M_with_openocd-Debug/qtc_arm_none_eabi_Cortex_M_with_openocd_Debug/QT-STM32746G-Discovery.7927c242/45fda397fbc5036c/stm32f7xx_hal_crc_ex.c.o
                0x08007a50                HAL_CRCEx_Polynomial_Set
                0x08007b44                HAL_CRCEx_Input_Data_Reverse
                0x08007b7c                HAL_CRCEx_Output_Data_Reverse
 .text          0x08007bb4      0x838 /home/user/template-qbs-stm32f746g-disco/template-qbs-stm32f746g-disco/build-template-qbs-stm32f46g-disco-arm_none_eabi_Cortex_M_with_openocd-Debug/qtc_arm_none_eabi_Cortex_M_with_openocd_Debug/QT-STM32746G-Discovery.7927c242/45fda397fbc5036c/stm32f7xx_hal_dcmi.c.o
                0x08007bb4                HAL_DCMI_Init
                0x08007c98                HAL_DCMI_DeInit
                0x08007cf0                HAL_DCMI_Start_DMA
                0x08007e30                HAL_DCMI_Stop
                0x08007eec                HAL_DCMI_Suspend
                0x08007f94                HAL_DCMI_Resume
                0x08007fec                HAL_DCMI_IRQHandler
                0x080080f0                HAL_DCMI_ErrorCallback
                0x08008104                HAL_DCMI_LineEventCallback
                0x08008118                HAL_DCMI_VsyncEventCallback
                0x0800812c                HAL_DCMI_FrameEventCallback
                0x08008140                HAL_DCMI_ConfigCrop
                0x080081a8                HAL_DCMI_DisableCrop
                0x080081fc                HAL_DCMI_EnableCrop
                0x08008250                HAL_DCMI_GetState
                0x0800826c                HAL_DCMI_GetError
 .text          0x080083ec      0xcb4 /home/user/template-qbs-stm32f746g-disco/template-qbs-stm32f746g-disco/build-template-qbs-stm32f46g-disco-arm_none_eabi_Cortex_M_with_openocd-Debug/qtc_arm_none_eabi_Cortex_M_with_openocd_Debug/QT-STM32746G-Discovery.7927c242/45fda397fbc5036c/stm32f7xx_hal_dma.c.o
                0x080083ec                HAL_DMA_Init
                0x08008548                HAL_DMA_DeInit
                0x08008604                HAL_DMA_Start
                0x0800867c                HAL_DMA_Start_IT
                0x0800873c                HAL_DMA_Abort
                0x0800881c                HAL_DMA_Abort_IT
                0x08008860                HAL_DMA_PollForTransfer
                0x08008a20                HAL_DMA_IRQHandler
                0x08008d34                HAL_DMA_RegisterCallback
                0x08008ddc                HAL_DMA_UnRegisterCallback
                0x08008eb0                HAL_DMA_GetState
                0x08008ecc                HAL_DMA_GetError
 .text          0x080090a0     0x10e8 /home/user/template-qbs-stm32f746g-disco/template-qbs-stm32f746g-disco/build-template-qbs-stm32f46g-disco-arm_none_eabi_Cortex_M_with_openocd-Debug/qtc_arm_none_eabi_Cortex_M_with_openocd_Debug/QT-STM32746G-Discovery.7927c242/45fda397fbc5036c/stm32f7xx_hal_dma2d.c.o
                0x080090a0                HAL_DMA2D_Init
                0x08009134                HAL_DMA2D_DeInit
                0x08009234                HAL_DMA2D_Start
                0x0800928c                HAL_DMA2D_Start_IT
                0x080092f4                HAL_DMA2D_BlendingStart
                0x08009354                HAL_DMA2D_BlendingStart_IT
                0x080093c4                HAL_DMA2D_Abort
                0x08009454                HAL_DMA2D_Suspend
                0x080094f4                HAL_DMA2D_Resume
                0x08009530                HAL_DMA2D_EnableCLUT
                0x08009590                HAL_DMA2D_CLUTLoad
                0x08009640                HAL_DMA2D_CLUTLoad_IT
                0x08009710                HAL_DMA2D_CLUTLoading_Abort
                0x080097b4                HAL_DMA2D_CLUTLoading_Suspend
                0x08009864                HAL_DMA2D_CLUTLoading_Resume
                0x080098dc                HAL_DMA2D_PollForTransfer
                0x08009aac                HAL_DMA2D_IRQHandler
                0x08009ca4                HAL_DMA2D_LineEventCallback
                0x08009cb8                HAL_DMA2D_CLUTLoadingCpltCallback
                0x08009ccc                HAL_DMA2D_ConfigLayer
                0x08009df4                HAL_DMA2D_ConfigCLUT
                0x08009e94                HAL_DMA2D_ProgramLineEvent
                0x08009f00                HAL_DMA2D_EnableDeadTime
                0x08009f54                HAL_DMA2D_DisableDeadTime
                0x08009fa8                HAL_DMA2D_ConfigDeadTime
                0x0800a008                HAL_DMA2D_GetState
                0x0800a024                HAL_DMA2D_GetError
 .text          0x0800a188     0x156c /home/user/template-qbs-stm32f746g-disco/template-qbs-stm32f746g-disco/build-template-qbs-stm32f46g-disco-arm_none_eabi_Cortex_M_with_openocd-Debug/qtc_arm_none_eabi_Cortex_M_with_openocd_Debug/QT-STM32746G-Discovery.7927c242/45fda397fbc5036c/stm32f7xx_hal_dma_ex.c.o
                0x0800a188                HAL_DMAEx_MultiBufferStart
                0x0800a220                HAL_DMAEx_MultiBufferStart_IT
                0x0800b674                HAL_DMAEx_ChangeMemory
 .text          0x0800b6f4     0x15c8 /home/user/template-qbs-stm32f746g-disco/template-qbs-stm32f746g-disco/build-template-qbs-stm32f46g-disco-arm_none_eabi_Cortex_M_with_openocd-Debug/qtc_arm_none_eabi_Cortex_M_with_openocd_Debug/QT-STM32746G-Discovery.7927c242/45fda397fbc5036c/stm32f7xx_hal_eth.c.o
                0x0800b6f4                HAL_ETH_Init
                0x0800ba2c                HAL_ETH_DeInit
                0x0800ba5c                HAL_ETH_DMATxDescListInit
                0x0800bb30                HAL_ETH_DMARxDescListInit
                0x0800bc34                HAL_ETH_TransmitFrame
                0x0800be08                HAL_ETH_GetReceivedFrame
                0x0800bf14                HAL_ETH_GetReceivedFrame_IT
                0x0800c028                HAL_ETH_IRQHandler
                0x0800c0f4                HAL_ETH_TxCpltCallback
                0x0800c108                HAL_ETH_RxCpltCallback
                0x0800c11c                HAL_ETH_ErrorCallback
                0x0800c130                HAL_ETH_ReadPHYRegister
                0x0800c200                HAL_ETH_WritePHYRegister
                0x0800c2cc                HAL_ETH_Start
                0x0800c32c                HAL_ETH_Stop
                0x0800c38c                HAL_ETH_ConfigMAC
                0x0800c57c                HAL_ETH_ConfigDMA
                0x0800c69c                HAL_ETH_GetState
 .text          0x0800ccbc      0x68c /home/user/template-qbs-stm32f746g-disco/template-qbs-stm32f746g-disco/build-template-qbs-stm32f46g-disco-arm_none_eabi_Cortex_M_with_openocd-Debug/qtc_arm_none_eabi_Cortex_M_with_openocd_Debug/QT-STM32746G-Discovery.7927c242/45fda397fbc5036c/stm32f7xx_hal_gpio.c.o
                0x0800ccbc                HAL_GPIO_Init
                0x0800d010                HAL_GPIO_DeInit
                0x0800d228                HAL_GPIO_ReadPin
                0x0800d258                HAL_GPIO_WritePin
                0x0800d28c                HAL_GPIO_TogglePin
                0x0800d2b0                HAL_GPIO_LockPin
                0x0800d300                HAL_GPIO_EXTI_IRQHandler
                0x0800d330                HAL_GPIO_EXTI_Callback
 .text          0x0800d348     0x1970 /home/user/template-qbs-stm32f746g-disco/template-qbs-stm32f746g-disco/build-template-qbs-stm32f46g-disco-arm_none_eabi_Cortex_M_with_openocd-Debug/qtc_arm_none_eabi_Cortex_M_with_openocd_Debug/QT-STM32746G-Discovery.7927c242/45fda397fbc5036c/stm32f7xx_hal_hcd.c.o
                0x0800d348                HAL_HCD_Init
                0x0800d3e0                HAL_HCD_HC_Init
                0x0800d504                HAL_HCD_HC_Halt
                0x0800d54c                HAL_HCD_DeInit
                0x0800d5b0                HAL_HCD_HC_SubmitRequest
                0x0800d87c                HAL_HCD_IRQHandler
                0x0800dab0                HAL_HCD_PortEnabled_Callback
                0x0800dac4                HAL_HCD_PortDisabled_Callback
                0x0800daf4                HAL_HCD_Start
                0x0800db3c                HAL_HCD_Stop
                0x0800db78                HAL_HCD_ResetPort
                0x0800db94                HAL_HCD_GetState
                0x0800dbb0                HAL_HCD_HC_GetURBState
                0x0800dbdc                HAL_HCD_HC_GetXferCount
                0x0800dc08                HAL_HCD_HC_GetState
                0x0800dc34                HAL_HCD_GetCurrentFrame
                0x0800dc50                HAL_HCD_GetCurrentSpeed
 .text          0x0800ecb8     0x3a04 /home/user/template-qbs-stm32f746g-disco/template-qbs-stm32f746g-disco/build-template-qbs-stm32f46g-disco-arm_none_eabi_Cortex_M_with_openocd-Debug/qtc_arm_none_eabi_Cortex_M_with_openocd_Debug/QT-STM32746G-Discovery.7927c242/45fda397fbc5036c/stm32f7xx_hal_i2c.c.o
                0x0800ecb8                HAL_I2C_Init
                0x0800edd4                HAL_I2C_DeInit
                0x0800ee5c                HAL_I2C_Master_Transmit
                0x0800f05c                HAL_I2C_Master_Receive
                0x0800f260                HAL_I2C_Slave_Transmit
                0x0800f478                HAL_I2C_Slave_Receive
                0x0800f684                HAL_I2C_Master_Transmit_IT
                0x0800f764                HAL_I2C_Master_Receive_IT
                0x0800f844                HAL_I2C_Slave_Transmit_IT
                0x0800f8e4                HAL_I2C_Slave_Receive_IT
                0x0800f984                HAL_I2C_Master_Transmit_DMA
                0x0800fb00                HAL_I2C_Master_Receive_DMA
                0x0800fc7c                HAL_I2C_Slave_Transmit_DMA
                0x0800fd78                HAL_I2C_Slave_Receive_DMA
                0x0800fe74                HAL_I2C_Mem_Write
                0x080100c0                HAL_I2C_Mem_Read
                0x0801030c                HAL_I2C_Mem_Write_IT
                0x08010444                HAL_I2C_Mem_Read_IT
                0x08010580                HAL_I2C_Mem_Write_DMA
                0x0801071c                HAL_I2C_Mem_Read_DMA
                0x080108bc                HAL_I2C_IsDeviceReady
                0x08010a78                HAL_I2C_Master_Sequential_Transmit_IT
                0x08010b54                HAL_I2C_Master_Sequential_Receive_IT
                0x08010c30                HAL_I2C_Slave_Sequential_Transmit_IT
                0x08010d14                HAL_I2C_Slave_Sequential_Receive_IT
                0x08010df8                HAL_I2C_EnableListen_IT
                0x08010e34                HAL_I2C_DisableListen_IT
                0x08010e94                HAL_I2C_Master_Abort_IT
                0x08010f10                HAL_I2C_EV_IRQHandler
                0x08010f44                HAL_I2C_ER_IRQHandler
                0x08010ffc                HAL_I2C_MasterTxCpltCallback
                0x08011010                HAL_I2C_MasterRxCpltCallback
                0x08011024                HAL_I2C_SlaveTxCpltCallback
                0x08011038                HAL_I2C_SlaveRxCpltCallback
                0x0801104c                HAL_I2C_AddrCallback
                0x08011068                HAL_I2C_ListenCpltCallback
                0x0801107c                HAL_I2C_MemTxCpltCallback
                0x08011090                HAL_I2C_MemRxCpltCallback
                0x080110a4                HAL_I2C_ErrorCallback
                0x080110b8                HAL_I2C_AbortCpltCallback
                0x080110cc                HAL_I2C_GetState
                0x080110e8                HAL_I2C_GetMode
                0x08011104                HAL_I2C_GetError
 .text          0x080126bc      0x134 /home/user/template-qbs-stm32f746g-disco/template-qbs-stm32f746g-disco/build-template-qbs-stm32f46g-disco-arm_none_eabi_Cortex_M_with_openocd-Debug/qtc_arm_none_eabi_Cortex_M_with_openocd_Debug/QT-STM32746G-Discovery.7927c242/45fda397fbc5036c/stm32f7xx_hal_i2c_ex.c.o
                0x080126bc                HAL_I2CEx_ConfigAnalogFilter
                0x08012754                HAL_I2CEx_ConfigDigitalFilter
 .text          0x080127f0     0x15bc /home/user/template-qbs-stm32f746g-disco/template-qbs-stm32f746g-disco/build-template-qbs-stm32f46g-disco-arm_none_eabi_Cortex_M_with_openocd-Debug/qtc_arm_none_eabi_Cortex_M_with_openocd_Debug/QT-STM32746G-Discovery.7927c242/45fda397fbc5036c/stm32f7xx_hal_ltdc.c.o
                0x080127f0                HAL_LTDC_Init
                0x080129a8                HAL_LTDC_DeInit
                0x08012a00                HAL_LTDC_IRQHandler
                0x08012b58                HAL_LTDC_ErrorCallback
                0x08012b6c                HAL_LTDC_LineEventCallback
                0x08012b80                HAL_LTDC_ReloadEventCallback
                0x08012b94                HAL_LTDC_ConfigLayer
                0x08012c10                HAL_LTDC_ConfigColorKeying
                0x08012c9c                HAL_LTDC_ConfigCLUT
                0x08012d84                HAL_LTDC_EnableColorKeying
                0x08012df8                HAL_LTDC_DisableColorKeying
                0x08012e6c                HAL_LTDC_EnableCLUT
                0x08012ee0                HAL_LTDC_DisableCLUT
                0x08012f54                HAL_LTDC_EnableDither
                0x08012fa8                HAL_LTDC_DisableDither
                0x08012ffc                HAL_LTDC_SetWindowSize
                0x08013094                HAL_LTDC_SetWindowPosition
                0x08013120                HAL_LTDC_SetPixelFormat
                0x0801318c                HAL_LTDC_SetAlpha
                0x080131f8                HAL_LTDC_SetAddress
                0x08013264                HAL_LTDC_SetPitch
                0x0801337c                HAL_LTDC_ProgramLineEvent
                0x080133dc                HAL_LTDC_Reload
                0x0801343c                HAL_LTDC_ConfigLayer_NoReload
                0x080134b0                HAL_LTDC_SetWindowSize_NoReload
                0x08013540                HAL_LTDC_SetWindowPosition_NoReload
                0x080135c4                HAL_LTDC_SetPixelFormat_NoReload
                0x08013628                HAL_LTDC_SetAlpha_NoReload
                0x0801368c                HAL_LTDC_SetAddress_NoReload
                0x080136f0                HAL_LTDC_SetPitch_NoReload
                0x080137ec                HAL_LTDC_ConfigColorKeying_NoReload
                0x08013870                HAL_LTDC_EnableColorKeying_NoReload
                0x080138dc                HAL_LTDC_DisableColorKeying_NoReload
                0x08013948                HAL_LTDC_EnableCLUT_NoReload
                0x080139b4                HAL_LTDC_DisableCLUT_NoReload
                0x08013a20                HAL_LTDC_GetState
                0x08013a3c                HAL_LTDC_GetError
 .text          0x08013dac      0x47c /home/user/template-qbs-stm32f746g-disco/template-qbs-stm32f746g-disco/build-template-qbs-stm32f46g-disco-arm_none_eabi_Cortex_M_with_openocd-Debug/qtc_arm_none_eabi_Cortex_M_with_openocd_Debug/QT-STM32746G-Discovery.7927c242/45fda397fbc5036c/stm32f7xx_hal_pwr_ex.c.o
                0x08013dac                HAL_PWREx_EnableBkUpReg
                0x08013e04                HAL_PWREx_DisableBkUpReg
                0x08013e5c                HAL_PWREx_EnableFlashPowerDown
                0x08013e7c                HAL_PWREx_DisableFlashPowerDown
                0x08013e9c                HAL_PWREx_EnableMainRegulatorLowVoltage
                0x08013ebc                HAL_PWREx_DisableMainRegulatorLowVoltage
                0x08013edc                HAL_PWREx_EnableLowRegulatorLowVoltage
                0x08013efc                HAL_PWREx_DisableLowRegulatorLowVoltage
                0x08013f1c                HAL_PWREx_EnableOverDrive
                0x08013fb8                HAL_PWREx_DisableOverDrive
                0x08014054                HAL_PWREx_EnterUnderDriveSTOPMode
                0x0801411c                HAL_PWREx_GetVoltageRange
                0x08014138                HAL_PWREx_ControlVoltageScaling
 .text          0x08014228     0x18e8 /home/user/template-qbs-stm32f746g-disco/template-qbs-stm32f746g-disco/build-template-qbs-stm32f46g-disco-arm_none_eabi_Cortex_M_with_openocd-Debug/qtc_arm_none_eabi_Cortex_M_with_openocd_Debug/QT-STM32746G-Discovery.7927c242/45fda397fbc5036c/stm32f7xx_hal_qspi.c.o
                0x08014228                HAL_QSPI_Init
                0x0801433c                HAL_QSPI_DeInit
                0x080143c4                HAL_QSPI_IRQHandler
                0x08014704                HAL_QSPI_Command
                0x080147c4                HAL_QSPI_Command_IT
                0x08014894                HAL_QSPI_Transmit
                0x080149c0                HAL_QSPI_Receive
                0x08014b00                HAL_QSPI_Transmit_IT
                0x08014bcc                HAL_QSPI_Receive_IT
                0x08014cac                HAL_QSPI_Transmit_DMA
                0x08014e90                HAL_QSPI_Receive_DMA
                0x08015088                HAL_QSPI_AutoPolling
                0x0801517c                HAL_QSPI_AutoPolling_IT
                0x08015270                HAL_QSPI_MemoryMapped
                0x08015338                HAL_QSPI_ErrorCallback
                0x0801534c                HAL_QSPI_AbortCpltCallback
                0x08015360                HAL_QSPI_CmdCpltCallback
                0x08015374                HAL_QSPI_RxCpltCallback
                0x08015388                HAL_QSPI_TxCpltCallback
                0x0801539c                HAL_QSPI_RxHalfCpltCallback
                0x080153b0                HAL_QSPI_TxHalfCpltCallback
                0x080153c4                HAL_QSPI_FifoThresholdCallback
                0x080153d8                HAL_QSPI_StatusMatchCallback
                0x080153ec                HAL_QSPI_TimeOutCallback
                0x08015400                HAL_QSPI_GetState
                0x0801541c                HAL_QSPI_GetError
                0x08015434                HAL_QSPI_Abort
                0x08015500                HAL_QSPI_Abort_IT
                0x080155a4                HAL_QSPI_SetTimeout
                0x080155c0                HAL_QSPI_SetFifoThreshold
                0x08015630                HAL_QSPI_GetFifoThreshold
 .text          0x08015b10      0xcd8 /home/user/template-qbs-stm32f746g-disco/template-qbs-stm32f746g-disco/build-template-qbs-stm32f46g-disco-arm_none_eabi_Cortex_M_with_openocd-Debug/qtc_arm_none_eabi_Cortex_M_with_openocd_Debug/QT-STM32746G-Discovery.7927c242/45fda397fbc5036c/stm32f7xx_hal_rcc.c.o
                0x08015b10                HAL_RCC_DeInit
                0x08015cc8                HAL_RCC_OscConfig
                0x080161a8                HAL_RCC_ClockConfig
                0x08016378                HAL_RCC_MCOConfig
                0x08016440                HAL_RCC_EnableCSS
                0x08016460                HAL_RCC_DisableCSS
                0x08016480                HAL_RCC_GetSysClockFreq
                0x080165c0                HAL_RCC_GetHCLKFreq
                0x080165d8                HAL_RCC_GetPCLK1Freq
                0x08016600                HAL_RCC_GetPCLK2Freq
                0x08016628                HAL_RCC_GetOscConfig
                0x0801674c                HAL_RCC_GetClockConfig
                0x080167b0                HAL_RCC_NMI_IRQHandler
                0x080167d8                HAL_RCC_CSSCallback
 .text          0x080167e8      0xe30 /home/user/template-qbs-stm32f746g-disco/template-qbs-stm32f746g-disco/build-template-qbs-stm32f46g-disco-arm_none_eabi_Cortex_M_with_openocd-Debug/qtc_arm_none_eabi_Cortex_M_with_openocd_Debug/QT-STM32746G-Discovery.7927c242/45fda397fbc5036c/stm32f7xx_hal_rcc_ex.c.o
                0x080167e8                HAL_RCCEx_PeriphCLKConfig
                0x08016fc0                HAL_RCCEx_GetPeriphCLKConfig
                0x080171dc                HAL_RCCEx_GetPeriphCLKFreq
                0x08017448                HAL_RCCEx_EnablePLLI2S
                0x080174e8                HAL_RCCEx_DisablePLLI2S
                0x08017530                HAL_RCCEx_EnablePLLSAI
                0x080175d0                HAL_RCCEx_DisablePLLSAI
 .text          0x08017618     0x104c /home/user/template-qbs-stm32f746g-disco/template-qbs-stm32f746g-disco/build-template-qbs-stm32f46g-disco-arm_none_eabi_Cortex_M_with_openocd-Debug/qtc_arm_none_eabi_Cortex_M_with_openocd_Debug/QT-STM32746G-Discovery.7927c242/45fda397fbc5036c/stm32f7xx_hal_rtc.c.o
                0x08017618                HAL_RTC_Init
                0x08017710                HAL_RTC_DeInit
                0x08017890                HAL_RTC_SetTime
                0x08017a1c                HAL_RTC_GetTime
                0x08017ad8                HAL_RTC_SetDate
                0x08017c28                HAL_RTC_GetDate
                0x08017cc8                HAL_RTC_SetAlarm
                0x08017f34                HAL_RTC_SetAlarm_IT
                0x080181dc                HAL_RTC_DeactivateAlarm
                0x080182f8                HAL_RTC_GetAlarm
                0x08018418                HAL_RTC_AlarmIRQHandler
                0x080184a4                HAL_RTC_AlarmAEventCallback
                0x080184b8                HAL_RTC_PollForAlarmAEvent
                0x08018528                HAL_RTC_WaitForSynchro
                0x08018578                HAL_RTC_GetState
                0x08018594                RTC_EnterInitMode
                0x080185ec                RTC_ByteToBcd2
                0x08018628                RTC_Bcd2ToByte
 .text          0x08018664     0x14dc /home/user/template-qbs-stm32f746g-disco/template-qbs-stm32f746g-disco/build-template-qbs-stm32f46g-disco-arm_none_eabi_Cortex_M_with_openocd-Debug/qtc_arm_none_eabi_Cortex_M_with_openocd_Debug/QT-STM32746G-Discovery.7927c242/45fda397fbc5036c/stm32f7xx_hal_rtc_ex.c.o
                0x08018664                HAL_RTCEx_SetTimeStamp
                0x08018710                HAL_RTCEx_SetTimeStamp_IT
                0x080187f8                HAL_RTCEx_DeactivateTimeStamp
                0x08018878                HAL_RTCEx_SetInternalTimeStamp
                0x080188dc                HAL_RTCEx_DeactivateInternalTimeStamp
                0x08018940                HAL_RTCEx_GetTimeStamp
                0x08018a80                HAL_RTCEx_SetTamper
                0x08018be8                HAL_RTCEx_SetTamper_IT
                0x08018dc0                HAL_RTCEx_DeactivateTamper
                0x08018e68                HAL_RTCEx_TamperTimeStampIRQHandler
                0x08018f88                HAL_RTCEx_TimeStampEventCallback
                0x08018f9c                HAL_RTCEx_Tamper1EventCallback
                0x08018fb0                HAL_RTCEx_Tamper2EventCallback
                0x08018fc4                HAL_RTCEx_Tamper3EventCallback
                0x08018fd8                HAL_RTCEx_PollForTimeStampEvent
                0x08019060                HAL_RTCEx_PollForTamper1Event
                0x080190d0                HAL_RTCEx_PollForTamper2Event
                0x08019140                HAL_RTCEx_PollForTamper3Event
                0x080191b0                HAL_RTCEx_SetWakeUpTimer
                0x0801929c                HAL_RTCEx_SetWakeUpTimer_IT
                0x0801942c                HAL_RTCEx_DeactivateWakeUpTimer
                0x080194dc                HAL_RTCEx_GetWakeUpTimer
                0x080194f8                HAL_RTCEx_WakeUpTimerIRQHandler
                0x08019550                HAL_RTCEx_WakeUpTimerEventCallback
                0x08019564                HAL_RTCEx_PollForWakeUpTimerEvent
                0x080195d4                HAL_RTCEx_BKUPWrite
                0x08019608                HAL_RTCEx_BKUPRead
                0x08019638                HAL_RTCEx_SetSmoothCalib
                0x080196ec                HAL_RTCEx_SetSynchroShift
                0x080197e4                HAL_RTCEx_SetCalibrationOutPut
                0x08019868                HAL_RTCEx_DeactivateCalibrationOutPut
                0x080198cc                HAL_RTCEx_SetRefClock
                0x08019960                HAL_RTCEx_DeactivateRefClock
                0x080199f4                HAL_RTCEx_EnableBypassShadow
                0x08019a58                HAL_RTCEx_DisableBypassShadow
                0x08019abc                HAL_RTCEx_AlarmBEventCallback
                0x08019ad0                HAL_RTCEx_PollForAlarmBEvent
 .text          0x08019b40     0x1a60 /home/user/template-qbs-stm32f746g-disco/template-qbs-stm32f746g-disco/build-template-qbs-stm32f46g-disco-arm_none_eabi_Cortex_M_with_openocd-Debug/qtc_arm_none_eabi_Cortex_M_with_openocd_Debug/QT-STM32746G-Discovery.7927c242/45fda397fbc5036c/stm32f7xx_hal_sai.c.o
                0x08019b40                HAL_SAI_InitProtocol
                0x08019bb8                HAL_SAI_Init
                0x08019e9c                HAL_SAI_DeInit
                0x08019f30                HAL_SAI_Transmit
                0x0801a0cc                HAL_SAI_Receive
                0x0801a264                HAL_SAI_Transmit_IT
                0x0801a358                HAL_SAI_Receive_IT
                0x0801a444                HAL_SAI_DMAPause
                0x0801a488                HAL_SAI_DMAResume
                0x0801a4ec                HAL_SAI_DMAStop
                0x0801a5d4                HAL_SAI_Abort
                0x0801a6dc                HAL_SAI_Transmit_DMA
                0x0801a7f8                HAL_SAI_Receive_DMA
                0x0801a914                HAL_SAI_EnableTxMuteMode
                0x0801a964                HAL_SAI_DisableTxMuteMode
                0x0801a99c                HAL_SAI_EnableRxMuteMode
                0x0801aa00                HAL_SAI_DisableRxMuteMode
                0x0801aa3c                HAL_SAI_IRQHandler
                0x0801acb4                HAL_SAI_TxCpltCallback
                0x0801acc8                HAL_SAI_TxHalfCpltCallback
                0x0801acdc                HAL_SAI_RxCpltCallback
                0x0801acf0                HAL_SAI_RxHalfCpltCallback
                0x0801ad04                HAL_SAI_ErrorCallback
                0x0801ad18                HAL_SAI_GetState
                0x0801ad34                HAL_SAI_GetError
 .text          0x0801b5a0     0x2770 /home/user/template-qbs-stm32f746g-disco/template-qbs-stm32f746g-disco/build-template-qbs-stm32f46g-disco-arm_none_eabi_Cortex_M_with_openocd-Debug/qtc_arm_none_eabi_Cortex_M_with_openocd_Debug/QT-STM32746G-Discovery.7927c242/45fda397fbc5036c/stm32f7xx_hal_sd.c.o
                0x0801b5a0                HAL_SD_Init
                0x0801b5f8                HAL_SD_InitCard
                0x0801b6c0                HAL_SD_DeInit
                0x0801b728                HAL_SD_ReadBlocks
                0x0801ba54                HAL_SD_WriteBlocks
                0x0801bd24                HAL_SD_ReadBlocks_IT
                0x0801be88                HAL_SD_WriteBlocks_IT
                0x0801bfec                HAL_SD_ReadBlocks_DMA
                0x0801c188                HAL_SD_WriteBlocks_DMA
                0x0801c324                HAL_SD_Erase
                0x0801c4bc                HAL_SD_IRQHandler
                0x0801c764                HAL_SD_GetState
                0x0801c780                HAL_SD_GetError
                0x0801c798                HAL_SD_TxCpltCallback
                0x0801c7ac                HAL_SD_RxCpltCallback
                0x0801c7c0                HAL_SD_ErrorCallback
                0x0801c7d4                HAL_SD_AbortCallback
                0x0801c7e8                HAL_SD_GetCardCID
                0x0801c990                HAL_SD_GetCardCSD
                0x0801cde8                HAL_SD_GetCardStatus
                0x0801cf54                HAL_SD_GetCardInfo
                0x0801cfac                HAL_SD_ConfigWideBusOperation
                0x0801d0a4                HAL_SD_GetCardState
                0x0801d0f0                HAL_SD_Abort
                0x0801d19c                HAL_SD_Abort_IT
 .text          0x0801dd10      0x6f4 /home/user/template-qbs-stm32f746g-disco/template-qbs-stm32f746g-disco/build-template-qbs-stm32f46g-disco-arm_none_eabi_Cortex_M_with_openocd-Debug/qtc_arm_none_eabi_Cortex_M_with_openocd_Debug/QT-STM32746G-Discovery.7927c242/45fda397fbc5036c/stm32f7xx_hal_sdram.c.o
                0x0801dd10                HAL_SDRAM_Init
                0x0801dd78                HAL_SDRAM_DeInit
                0x0801ddb0                HAL_SDRAM_MspInit
                0x0801ddc4                HAL_SDRAM_MspDeInit
                0x0801ddd8                HAL_SDRAM_IRQHandler
                0x0801de0c                HAL_SDRAM_RefreshErrorCallback
                0x0801de20                HAL_SDRAM_DMA_XferCpltCallback
                0x0801de34                HAL_SDRAM_DMA_XferErrorCallback
                0x0801de48                HAL_SDRAM_Read_8b
                0x0801dec8                HAL_SDRAM_Write_8b
                0x0801df50                HAL_SDRAM_Read_16b
                0x0801dfd0                HAL_SDRAM_Write_16b
                0x0801e058                HAL_SDRAM_Read_32b
                0x0801e0d8                HAL_SDRAM_Write_32b
                0x0801e160                HAL_SDRAM_Read_DMA
                0x0801e1e0                HAL_SDRAM_Write_DMA
                0x0801e264                HAL_SDRAM_WriteProtection_Enable
                0x0801e2a8                HAL_SDRAM_WriteProtection_Disable
                0x0801e2ec                HAL_SDRAM_SendCommand
                0x0801e344                HAL_SDRAM_ProgramRefreshRate
                0x0801e384                HAL_SDRAM_SetAutoRefreshNumber
                0x0801e3c4                HAL_SDRAM_GetModeStatus
                0x0801e3e8                HAL_SDRAM_GetState
 .text          0x0801e404      0xdb4 /home/user/template-qbs-stm32f746g-disco/template-qbs-stm32f746g-disco/build-template-qbs-stm32f46g-disco-arm_none_eabi_Cortex_M_with_openocd-Debug/qtc_arm_none_eabi_Cortex_M_with_openocd_Debug/QT-STM32746G-Discovery.7927c242/45fda397fbc5036c/stm32f7xx_hal_spdifrx.c.o
                0x0801e404                HAL_SPDIFRX_Init
                0x0801e4c4                HAL_SPDIFRX_DeInit
                0x0801e53c                HAL_SPDIFRX_SetDataFormat
                0x0801e5cc                HAL_SPDIFRX_ReceiveDataFlow
                0x0801e6b8                HAL_SPDIFRX_ReceiveControlFlow
                0x0801e7a4                HAL_SPDIFRX_ReceiveDataFlow_IT
                0x0801e8bc                HAL_SPDIFRX_ReceiveControlFlow_IT
                0x0801e9d4                HAL_SPDIFRX_ReceiveDataFlow_DMA
                0x0801eb08                HAL_SPDIFRX_ReceiveControlFlow_DMA
                0x0801ec3c                HAL_SPDIFRX_DMAStop
                0x0801ecd8                HAL_SPDIFRX_IRQHandler
                0x0801eda8                HAL_SPDIFRX_RxHalfCpltCallback
                0x0801edbc                HAL_SPDIFRX_RxCpltCallback
                0x0801edd0                HAL_SPDIFRX_CxHalfCpltCallback
                0x0801ede4                HAL_SPDIFRX_CxCpltCallback
                0x0801edf8                HAL_SPDIFRX_ErrorCallback
                0x0801ee0c                HAL_SPDIFRX_GetState
                0x0801ee28                HAL_SPDIFRX_GetError
 .text          0x0801f1b8     0x2888 /home/user/template-qbs-stm32f746g-disco/template-qbs-stm32f746g-disco/build-template-qbs-stm32f46g-disco-arm_none_eabi_Cortex_M_with_openocd-Debug/qtc_arm_none_eabi_Cortex_M_with_openocd_Debug/QT-STM32746G-Discovery.7927c242/45fda397fbc5036c/stm32f7xx_hal_spi.c.o
                0x0801f1b8                HAL_SPI_Init
                0x0801f2d8                HAL_SPI_DeInit
                0x0801f350                HAL_SPI_Transmit
                0x0801f570                HAL_SPI_Receive
                0x0801f7b4                HAL_SPI_TransmitReceive
                0x0801fb88                HAL_SPI_Transmit_IT
                0x0801fc90                HAL_SPI_Receive_IT
                0x0801fddc                HAL_SPI_TransmitReceive_IT
                0x0801ff48                HAL_SPI_Transmit_DMA
                0x08020100                HAL_SPI_Receive_DMA
                0x080202c0                HAL_SPI_TransmitReceive_DMA
                0x080205a0                HAL_SPI_Abort
                0x0802079c                HAL_SPI_Abort_IT
                0x080209c0                HAL_SPI_DMAPause
                0x08020a04                HAL_SPI_DMAResume
                0x08020a48                HAL_SPI_DMAStop
                0x08020a98                HAL_SPI_IRQHandler
                0x08020c48                HAL_SPI_TxCpltCallback
                0x08020c5c                HAL_SPI_RxCpltCallback
                0x08020c70                HAL_SPI_TxRxCpltCallback
                0x08020c84                HAL_SPI_TxHalfCpltCallback
                0x08020c98                HAL_SPI_RxHalfCpltCallback
                0x08020cac                HAL_SPI_TxRxHalfCpltCallback
                0x08020cc0                HAL_SPI_ErrorCallback
                0x08020cd4                HAL_SPI_AbortCpltCallback
                0x08020ce8                HAL_SPI_GetState
                0x08020d04                HAL_SPI_GetError
 .text          0x08021a40     0x3fe4 /home/user/template-qbs-stm32f746g-disco/template-qbs-stm32f746g-disco/build-template-qbs-stm32f46g-disco-arm_none_eabi_Cortex_M_with_openocd-Debug/qtc_arm_none_eabi_Cortex_M_with_openocd_Debug/QT-STM32746G-Discovery.7927c242/45fda397fbc5036c/stm32f7xx_hal_tim.c.o
                0x08021a40                HAL_TIM_Base_Init
                0x08021a98                HAL_TIM_Base_DeInit
                0x08021b20                HAL_TIM_Base_Start
                0x08021b58                HAL_TIM_Base_Stop
                0x08021bb0                HAL_TIM_Base_Start_IT
                0x08021be8                HAL_TIM_Base_Stop_IT
                0x08021c40                HAL_TIM_Base_Start_DMA
                0x08021cd8                HAL_TIM_Base_Stop_DMA
                0x08021d38                HAL_TIM_OC_Init
                0x08021d90                HAL_TIM_OC_DeInit
                0x08021df0                HAL_TIM_OC_MspInit
                0x08021e04                HAL_TIM_OC_MspDeInit
                0x08021e18                HAL_TIM_OC_Start
                0x08021e80                HAL_TIM_OC_Stop
                0x08021f28                HAL_TIM_OC_Start_IT
                0x0802201c                HAL_TIM_OC_Stop_IT
                0x08022150                HAL_TIM_OC_Start_DMA
                0x08022314                HAL_TIM_OC_Stop_DMA
                0x08022450                HAL_TIM_PWM_Init
                0x080224a8                HAL_TIM_PWM_DeInit
                0x08022530                HAL_TIM_PWM_Start
                0x08022598                HAL_TIM_PWM_Stop
                0x08022648                HAL_TIM_PWM_Start_IT
                0x0802273c                HAL_TIM_PWM_Stop_IT
                0x08022870                HAL_TIM_PWM_Start_DMA
                0x08022a34                HAL_TIM_PWM_Stop_DMA
                0x08022b70                HAL_TIM_IC_Init
                0x08022bc8                HAL_TIM_IC_DeInit
                0x08022c28                HAL_TIM_IC_MspInit
                0x08022c3c                HAL_TIM_IC_MspDeInit
                0x08022c50                HAL_TIM_IC_Start
                0x08022c84                HAL_TIM_IC_Stop
                0x08022cd8                HAL_TIM_IC_Start_IT
                0x08022d98                HAL_TIM_IC_Stop_IT
                0x08022e78                HAL_TIM_IC_Start_DMA
                0x08023008                HAL_TIM_IC_Stop_DMA
                0x080230f0                HAL_TIM_OnePulse_Init
                0x08023168                HAL_TIM_OnePulse_DeInit
                0x080231c8                HAL_TIM_OnePulse_MspInit
                0x080231dc                HAL_TIM_OnePulse_MspDeInit
                0x080231f0                HAL_TIM_OnePulse_Start
                0x08023258                HAL_TIM_OnePulse_Stop
                0x08023310                HAL_TIM_OnePulse_Start_IT
                0x08023398                HAL_TIM_OnePulse_Stop_IT
                0x08023470                HAL_TIM_Encoder_Init
                0x080235a0                HAL_TIM_Encoder_DeInit
                0x08023600                HAL_TIM_Encoder_MspInit
                0x08023614                HAL_TIM_Encoder_MspDeInit
                0x08023628                HAL_TIM_Encoder_Start
                0x08023698                HAL_TIM_Encoder_Stop
                0x08023728                HAL_TIM_Encoder_Start_IT
                0x080237d8                HAL_TIM_Encoder_Stop_IT
                0x080238ac                HAL_TIM_Encoder_Start_DMA
                0x08023a54                HAL_TIM_Encoder_Stop_DMA
                0x08023b28                HAL_TIM_IRQHandler
                0x08023e24                HAL_TIM_IC_ConfigChannel
                0x080240e8                HAL_TIM_OnePulse_ConfigChannel
                0x0802426c                HAL_TIM_DMABurst_WriteStart
                0x08024450                HAL_TIM_DMABurst_WriteStop
                0x08024500                HAL_TIM_DMABurst_ReadStart
                0x080246e4                HAL_TIM_DMABurst_ReadStop
                0x08024794                HAL_TIM_GenerateEvent
                0x08024938                HAL_TIM_ConfigClockSource
                0x08024af8                HAL_TIM_ConfigTI1Input
                0x08024b34                HAL_TIM_SlaveConfigSynchronization
                0x08024c80                HAL_TIM_SlaveConfigSynchronization_IT
                0x08024cec                HAL_TIM_ReadCapturedValue
                0x08024da4                HAL_TIM_OC_DelayElapsedCallback
                0x08024db8                HAL_TIM_IC_CaptureCallback
                0x08024dcc                HAL_TIM_PWM_PulseFinishedCallback
                0x08024de0                HAL_TIM_TriggerCallback
                0x08024df4                HAL_TIM_ErrorCallback
                0x08024e08                HAL_TIM_Base_GetState
                0x08024e24                HAL_TIM_OC_GetState
                0x08024e40                HAL_TIM_PWM_GetState
                0x08024e5c                HAL_TIM_IC_GetState
                0x08024e78                HAL_TIM_OnePulse_GetState
                0x08024e94                HAL_TIM_Encoder_GetState
                0x08024eb0                TIM_DMAError
                0x08024ed4                TIM_DMADelayPulseCplt
                0x08024f44                TIM_DMACaptureCplt
                0x08024ffc                TIM_Base_SetConfig
                0x0802515c                TIM_OC1_SetConfig
                0x08025248                TIM_OC2_SetConfig
                0x0802533c                TIM_OC3_SetConfig
                0x08025430                TIM_OC4_SetConfig
                0x08025610                TIM_TI1_SetConfig
                0x08025998                TIM_ETR_SetConfig
                0x080259dc                TIM_CCxChannelCmd
 .text          0x08025a24     0x1c60 /home/user/template-qbs-stm32f746g-disco/template-qbs-stm32f746g-disco/build-template-qbs-stm32f46g-disco-arm_none_eabi_Cortex_M_with_openocd-Debug/qtc_arm_none_eabi_Cortex_M_with_openocd_Debug/QT-STM32746G-Discovery.7927c242/45fda397fbc5036c/stm32f7xx_hal_tim_ex.c.o
                0x08025a24                HAL_TIMEx_HallSensor_Init
                0x08025b54                HAL_TIMEx_HallSensor_DeInit
                0x08025bb4                HAL_TIMEx_HallSensor_MspInit
                0x08025bc8                HAL_TIMEx_HallSensor_MspDeInit
                0x08025bdc                HAL_TIMEx_HallSensor_Start
                0x08025c0c                HAL_TIMEx_HallSensor_Stop
                0x08025c5c                HAL_TIMEx_HallSensor_Start_IT
                0x08025c9c                HAL_TIMEx_HallSensor_Stop_IT
                0x08025cfc                HAL_TIMEx_HallSensor_Start_DMA
                0x08025da4                HAL_TIMEx_HallSensor_Stop_DMA
                0x08025e04                HAL_TIMEx_OCN_Start
                0x08025e48                HAL_TIMEx_OCN_Stop
                0x08025ecc                HAL_TIMEx_OCN_Start_IT
                0x08025fac                HAL_TIMEx_OCN_Stop_IT
                0x080260e4                HAL_TIMEx_OCN_Start_DMA
                0x08026284                HAL_TIMEx_OCN_Stop_DMA
                0x0802639c                HAL_TIMEx_PWMN_Start
                0x080263e0                HAL_TIMEx_PWMN_Stop
                0x08026464                HAL_TIMEx_PWMN_Start_IT
                0x08026544                HAL_TIMEx_PWMN_Stop_IT
                0x0802667c                HAL_TIMEx_PWMN_Start_DMA
                0x0802681c                HAL_TIMEx_PWMN_Stop_DMA
                0x08026934                HAL_TIMEx_OnePulseN_Start
                0x08026968                HAL_TIMEx_OnePulseN_Stop
                0x080269ec                HAL_TIMEx_OnePulseN_Start_IT
                0x08026a40                HAL_TIMEx_OnePulseN_Stop_IT
                0x08026ae4                HAL_TIMEx_ConfigCommutationEvent
                0x08026b84                HAL_TIMEx_ConfigCommutationEvent_IT
                0x08026c34                HAL_TIMEx_ConfigCommutationEvent_DMA
                0x08026cfc                HAL_TIMEx_MasterConfigSynchronization
                0x08026da4                HAL_TIMEx_ConfigBreakDeadTime
                0x08026eb0                HAL_TIMEx_RemapConfig
                0x08026ef8                HAL_TIMEx_GroupChannel5
                0x08026f60                HAL_TIMEx_CommutationCallback
                0x08026f74                HAL_TIMEx_BreakCallback
                0x08026f88                HAL_TIMEx_HallSensor_GetState
                0x08026fa4                TIMEx_DMACommutationCplt
                0x08026fc8                HAL_TIM_ConfigOCrefClear
                0x080271ac                HAL_TIM_OC_ConfigChannel
                0x080272a8                HAL_TIM_PWM_ConfigChannel
 .text          0x08027684     0x1c34 /home/user/template-qbs-stm32f746g-disco/template-qbs-stm32f746g-disco/build-template-qbs-stm32f46g-disco-arm_none_eabi_Cortex_M_with_openocd-Debug/qtc_arm_none_eabi_Cortex_M_with_openocd_Debug/QT-STM32746G-Discovery.7927c242/45fda397fbc5036c/stm32f7xx_hal_uart.c.o
                0x08027684                HAL_UART_Init
                0x08027728                HAL_HalfDuplex_Init
                0x080277dc                HAL_LIN_Init
                0x080278a4                HAL_MultiProcessor_Init
                0x08027980                HAL_RS485Ex_Init
                0x08027a58                HAL_UART_DeInit
                0x08027af0                HAL_UART_Transmit
                0x08027c08                HAL_UART_Receive
                0x08027d8c                HAL_UART_Transmit_IT
                0x08027e1c                HAL_UART_Receive_IT
                0x08027f2c                HAL_UART_Transmit_DMA
                0x08028008                HAL_UART_Receive_DMA
                0x080280f4                HAL_UART_DMAPause
                0x0802819c                HAL_UART_DMAResume
                0x08028248                HAL_UART_DMAStop
                0x080282e0                HAL_UART_IRQHandler
                0x080284ec                UART_WaitOnFlagUntilTimeout
                0x0802871c                HAL_UART_TxCpltCallback
                0x08028730                HAL_UART_TxHalfCpltCallback
                0x08028744                HAL_UART_RxCpltCallback
                0x08028758                HAL_UART_RxHalfCpltCallback
                0x0802876c                HAL_UART_ErrorCallback
                0x0802899c                HAL_MultiProcessor_EnableMuteMode
                0x080289ec                HAL_MultiProcessor_DisableMuteMode
                0x08028a3c                HAL_MultiProcessor_EnterMuteMode
                0x08028a60                HAL_UART_GetState
                0x08028a9c                HAL_UART_GetError
                0x08028ab4                UART_SetConfig
                0x08028f90                UART_AdvFeatureConfig
                0x080290d4                UART_CheckIdleState
                0x0802913c                HAL_HalfDuplex_EnableTransmitter
                0x080291a0                HAL_HalfDuplex_EnableReceiver
                0x08029204                HAL_LIN_SendBreak
                0x08029258                HAL_MultiProcessorEx_AddressLength_Set
 .text          0x080292b8      0x7fc /home/user/template-qbs-stm32f746g-disco/template-qbs-stm32f746g-disco/build-template-qbs-stm32f46g-disco-arm_none_eabi_Cortex_M_with_openocd-Debug/qtc_arm_none_eabi_Cortex_M_with_openocd_Debug/QT-STM32746G-Discovery.7927c242/45fda397fbc5036c/stm32f7xx_ll_fmc.c.o
                0x080292b8                FMC_NORSRAM_Init
                0x08029398                FMC_NORSRAM_DeInit
                0x08029400                FMC_NORSRAM_Timing_Init
                0x080294a4                FMC_NORSRAM_Extended_Timing_Init
                0x08029524                FMC_NORSRAM_WriteOperation_Enable
                0x08029550                FMC_NORSRAM_WriteOperation_Disable
                0x0802957c                FMC_NAND_Init
                0x080295e0                FMC_NAND_CommonSpace_Timing_Init
                0x08029630                FMC_NAND_AttributeSpace_Timing_Init
                0x08029680                FMC_NAND_DeInit
                0x080296c0                FMC_NAND_ECC_Enable
                0x080296e4                FMC_NAND_ECC_Disable
                0x08029708                FMC_NAND_GetECC
                0x08029764                FMC_SDRAM_Init
                0x08029848                FMC_SDRAM_Timing_Init
                0x08029948                FMC_SDRAM_DeInit
                0x0802998c                FMC_SDRAM_WriteProtection_Enable
                0x080299b8                FMC_SDRAM_WriteProtection_Disable
                0x080299e4                FMC_SDRAM_SendCommand
                0x08029a28                FMC_SDRAM_ProgramRefreshRate
                0x08029a50                FMC_SDRAM_SetAutoRefreshNumber
                0x08029a78                FMC_SDRAM_GetModeStatus
 .text          0x08029ab4      0xd88 /home/user/template-qbs-stm32f746g-disco/template-qbs-stm32f746g-disco/build-template-qbs-stm32f46g-disco-arm_none_eabi_Cortex_M_with_openocd-Debug/qtc_arm_none_eabi_Cortex_M_with_openocd_Debug/QT-STM32746G-Discovery.7927c242/45fda397fbc5036c/stm32f7xx_ll_sdmmc.c.o
                0x08029ab4                SDMMC_Init
                0x08029b0c                SDMMC_ReadFIFO
                0x08029b28                SDMMC_WriteFIFO
                0x08029b4c                SDMMC_PowerState_ON
                0x08029b68                SDMMC_PowerState_OFF
                0x08029b84                SDMMC_GetPowerState
                0x08029ba0                SDMMC_SendCommand
                0x08029bf4                SDMMC_GetCommandResponse
                0x08029c10                SDMMC_GetResponse
                0x08029c3c                SDMMC_ConfigData
                0x08029c94                SDMMC_GetDataCounter
                0x08029cac                SDMMC_GetFIFOCount
                0x08029cc8                SDMMC_SetSDMMCReadWaitMode
                0x08029cf0                SDMMC_CmdBlockLength
                0x08029d38                SDMMC_CmdReadSingleBlock
                0x08029d80                SDMMC_CmdReadMultiBlock
                0x08029dc8                SDMMC_CmdWriteSingleBlock
                0x08029e10                SDMMC_CmdWriteMultiBlock
                0x08029e58                SDMMC_CmdSDEraseStartAdd
                0x08029ea0                SDMMC_CmdSDEraseEndAdd
                0x08029ee8                SDMMC_CmdEraseStartAdd
                0x08029f30                SDMMC_CmdEraseEndAdd
                0x08029f78                SDMMC_CmdErase
                0x08029fc0                SDMMC_CmdStopTransfer
                0x0802a008                SDMMC_CmdSelDesel
                0x0802a054                SDMMC_CmdGoIdleState
                0x0802a094                SDMMC_CmdOperCond
                0x0802a0d8                SDMMC_CmdAppCommand
                0x0802a120                SDMMC_CmdAppOperCommand
                0x0802a16c                SDMMC_CmdBusWidth
                0x0802a1b4                SDMMC_CmdSendSCR
                0x0802a1fc                SDMMC_CmdSendCID
                0x0802a23c                SDMMC_CmdSendCSD
                0x0802a280                SDMMC_CmdSetRelAdd
                0x0802a2c8                SDMMC_CmdSendStatus
                0x0802a310                SDMMC_CmdStatusRegister
                0x0802a358                SDMMC_CmdOpCondition
                0x0802a39c                SDMMC_CmdSwitch
 .text          0x0802a83c     0x21e4 /home/user/template-qbs-stm32f746g-disco/template-qbs-stm32f746g-disco/build-template-qbs-stm32f46g-disco-arm_none_eabi_Cortex_M_with_openocd-Debug/qtc_arm_none_eabi_Cortex_M_with_openocd_Debug/QT-STM32746G-Discovery.7927c242/45fda397fbc5036c/stm32f7xx_ll_usb.c.o
                0x0802a83c                USB_CoreInit
                0x0802a8e0                USB_EnableGlobalInt
                0x0802a904                USB_DisableGlobalInt
                0x0802a928                USB_SetCurrentMode
                0x0802a978                USB_DevInit
                0x0802ac08                USB_FlushTxFifo
                0x0802ac54                USB_FlushRxFifo
                0x0802ac98                USB_SetDevSpeed
                0x0802acc8                USB_GetDevSpeed
                0x0802ad34                USB_ActivateEndpoint
                0x0802ae44                USB_ActivateDedicatedEndpoint
                0x0802afc8                USB_DeactivateEndpoint
                0x0802b0c0                USB_DeactivateDedicatedEndpoint
                0x0802b174                USB_EPStartXfer
                0x0802b5fc                USB_EP0StartXfer
                0x0802b8b4                USB_WritePacket
                0x0802b924                USB_ReadPacket
                0x0802b978                USB_EPSetStall
                0x0802ba5c                USB_EPClearStall
                0x0802bb38                USB_StopDevice
                0x0802bbc0                USB_SetDevAddress
                0x0802bc0c                USB_DevConnect
                0x0802bc3c                USB_DevDisconnect
                0x0802bc6c                USB_ReadInterrupts
                0x0802bc98                USB_ReadDevAllOutEpInterrupt
                0x0802bcc8                USB_ReadDevAllInEpInterrupt
                0x0802bcf8                USB_ReadDevOutEPInterrupt
                0x0802bd30                USB_ReadDevInEPInterrupt
                0x0802bd84                USB_ClearInterrupts
                0x0802bda8                USB_GetMode
                0x0802bdc4                USB_ActivateSetup
                0x0802be30                USB_EP0_OutStart
                0x0802bf24                USB_HostInit
                0x0802c064                USB_InitFSLSPClkSel
                0x0802c0d8                USB_ResetPort
                0x0802c128                USB_DriveVbus
                0x0802c194                USB_GetHostSpeed
                0x0802c1bc                USB_GetCurrentFrame
                0x0802c1dc                USB_HC_Init
                0x0802c3d4                USB_HC_StartXfer
                0x0802c67c                USB_HC_ReadInterrupt
                0x0802c69c                USB_HC_Halt
                0x0802c8a4                USB_DoPing
                0x0802c91c                USB_StopHost
 .text          0x0802ca20      0xf60 /home/user/template-qbs-stm32f746g-disco/template-qbs-stm32f746g-disco/build-template-qbs-stm32f46g-disco-arm_none_eabi_Cortex_M_with_openocd-Debug/qtc_arm_none_eabi_Cortex_M_with_openocd_Debug/QT-STM32746G-Discovery.7927c242/7cd3a1689f728596/cmsis_os.c.o
                0x0802caa0                osKernelStart
                0x0802cab0                osKernelRunning
                0x0802cac8                osKernelSysTick
                0x0802cae8                osThreadCreate
                0x0802cb38                osThreadGetId
                0x0802cb48                osThreadTerminate
                0x0802cb60                osThreadYield
                0x0802cb84                osThreadSetPriority
                0x0802cbb0                osThreadGetPriority
                0x0802cbec                osDelay
                0x0802cc14                osTimerCreate
                0x0802cc30                osTimerStart
                0x0802cc50                osTimerStop
                0x0802cc70                osTimerDelete
                0x0802cc90                osSignalSet
                0x0802cd10                osSignalWait
                0x0802cda8                osMutexCreate
                0x0802cdc0                osMutexWait
                0x0802ce60                osMutexRelease
                0x0802cecc                osMutexDelete
                0x0802cef4                osSemaphoreCreate
                0x0802cf3c                osSemaphoreWait
                0x0802cfdc                osSemaphoreRelease
                0x0802d048                osSemaphoreDelete
                0x0802d070                osPoolCreate
                0x0802d12c                osPoolAlloc
                0x0802d1f4                osPoolCAlloc
                0x0802d220                osPoolFree
                0x0802d2a4                osMessageCreate
                0x0802d2c8                osMessagePut
                0x0802d348                osMessageGet
                0x0802d430                osMailCreate
                0x0802d4e4                osMailAlloc
                0x0802d510                osMailCAlloc
                0x0802d558                osMailPut
                0x0802d5d4                osMailGet
                0x0802d6bc                osMailFree
                0x0802d6e8                osSystickHandler
                0x0802d700                osThreadSuspend
                0x0802d718                osThreadResume
                0x0802d75c                osThreadSuspendAll
                0x0802d76c                osThreadResumeAll
                0x0802d784                osDelayUntil
                0x0802d79c                osAbortDelay
                0x0802d7b4                osThreadList
                0x0802d7cc                osMessagePeek
                0x0802d864                osMessageWaiting
                0x0802d890                osMessageAvailableSpace
                0x0802d8a8                osMessageDelete
                0x0802d8d0                osRecursiveMutexCreate
                0x0802d8e8                osRecursiveMutexRelease
                0x0802d910                osRecursiveMutexWait
                0x0802d968                osSemaphoreGetCount
 .text          0x0802d980      0x15c /home/user/template-qbs-stm32f746g-disco/template-qbs-stm32f746g-disco/build-template-qbs-stm32f46g-disco-arm_none_eabi_Cortex_M_with_openocd-Debug/qtc_arm_none_eabi_Cortex_M_with_openocd_Debug/QT-STM32746G-Discovery.7927c242/bb0935706d489d67/ff_gen_drv.c.o
                0x0802d980                FATFS_LinkDriverEx
                0x0802da18                FATFS_LinkDriver
                0x0802da38                FATFS_UnLinkDriverEx
                0x0802daa8                FATFS_UnLinkDriver
                0x0802dac4                FATFS_GetAttachedDriversNbr
 .text          0x0802dadc      0x1cc /home/user/template-qbs-stm32f746g-disco/template-qbs-stm32f746g-disco/build-template-qbs-stm32f46g-disco-arm_none_eabi_Cortex_M_with_openocd-Debug/qtc_arm_none_eabi_Cortex_M_with_openocd_Debug/QT-STM32746G-Discovery.7927c242/ee04ca64cd372e07/bsp_driver_sd.c.o
                0x0802dadc                BSP_SD_Init
                0x0802db28                BSP_SD_ITConfig
                0x0802db38                BSP_SD_ReadBlocks
                0x0802db74                BSP_SD_WriteBlocks
                0x0802dbb0                BSP_SD_ReadBlocks_DMA
                0x0802dbe4                BSP_SD_WriteBlocks_DMA
                0x0802dc18                BSP_SD_Erase
                0x0802dc48                BSP_SD_GetCardState
                0x0802dc68                BSP_SD_GetCardInfo
                0x0802dc84                BSP_SD_IsDetected
 .text          0x0802dca8       0x34 /home/user/template-qbs-stm32f746g-disco/template-qbs-stm32f746g-disco/build-template-qbs-stm32f46g-disco-arm_none_eabi_Cortex_M_with_openocd-Debug/qtc_arm_none_eabi_Cortex_M_with_openocd_Debug/QT-STM32746G-Discovery.7927c242/ee04ca64cd372e07/fatfs.c.o
                0x0802dca8                MX_FATFS_Init
                0x0802dccc                get_fattime
 .text          0x0802dcdc       0x2c /home/user/template-qbs-stm32f746g-disco/template-qbs-stm32f746g-disco/build-template-qbs-stm32f46g-disco-arm_none_eabi_Cortex_M_with_openocd-Debug/qtc_arm_none_eabi_Cortex_M_with_openocd_Debug/QT-STM32746G-Discovery.7927c242/ee04ca64cd372e07/fatfs_platform.c.o
                0x0802dcdc                BSP_PlatformIsDetected
 .text          0x0802dd08       0x38 /home/user/template-qbs-stm32f746g-disco/template-qbs-stm32f746g-disco/build-template-qbs-stm32f46g-disco-arm_none_eabi_Cortex_M_with_openocd-Debug/qtc_arm_none_eabi_Cortex_M_with_openocd_Debug/QT-STM32746G-Discovery.7927c242/ee04ca64cd372e07/freertos.c.o
                0x0802dd08                vApplicationIdleHook
                0x0802dd18                vApplicationStackOverflowHook
                0x0802dd30                vApplicationMallocFailedHook
 .text          0x0802dd40     0x1524 /home/user/template-qbs-stm32f746g-disco/template-qbs-stm32f746g-disco/build-template-qbs-stm32f46g-disco-arm_none_eabi_Cortex_M_with_openocd-Debug/qtc_arm_none_eabi_Cortex_M_with_openocd_Debug/QT-STM32746G-Discovery.7927c242/ee04ca64cd372e07/main.c.o
                0x0802dd40                main
                0x0802dde0                SystemClock_Config
                0x0802f21c                StartDefaultTask
                0x0802f234                HAL_TIM_PeriodElapsedCallback
                0x0802f258                _Error_Handler
 .text          0x0802f264      0x2c0 /home/user/template-qbs-stm32f746g-disco/template-qbs-stm32f746g-disco/build-template-qbs-stm32f46g-disco-arm_none_eabi_Cortex_M_with_openocd-Debug/qtc_arm_none_eabi_Cortex_M_with_openocd_Debug/QT-STM32746G-Discovery.7927c242/ee04ca64cd372e07/sd_diskio.c.o
                0x0802f2a0                SD_initialize
                0x0802f318                SD_status
                0x0802f334                SD_read
                0x0802f3b8                SD_write
                0x0802f43c                SD_ioctl
                0x0802f4ec                BSP_SD_WriteCpltCallback
                0x0802f508                BSP_SD_ReadCpltCallback
 .text          0x0802f524     0x10a0 /home/user/template-qbs-stm32f746g-disco/template-qbs-stm32f746g-disco/build-template-qbs-stm32f46g-disco-arm_none_eabi_Cortex_M_with_openocd-Debug/qtc_arm_none_eabi_Cortex_M_with_openocd_Debug/QT-STM32746G-Discovery.7927c242/ee04ca64cd372e07/stm32f7xx_hal_msp.c.o
                0x0802f524                HAL_MspInit
                0x0802f588                HAL_ADC_MspInit
                0x0802f5fc                HAL_ADC_MspDeInit
                0x0802f644                HAL_CRC_MspInit
                0x0802f684                HAL_CRC_MspDeInit
                0x0802f6b8                HAL_DCMI_MspInit
                0x0802f7ac                HAL_DCMI_MspDeInit
                0x0802f81c                HAL_DMA2D_MspInit
                0x0802f868                HAL_DMA2D_MspDeInit
                0x0802f89c                HAL_ETH_MspInit
                0x0802f974                HAL_ETH_MspDeInit
                0x0802f9e0                HAL_I2C_MspInit
                0x0802fa90                HAL_I2C_MspDeInit
                0x0802faf8                HAL_LTDC_MspInit
                0x0802fbfc                HAL_LTDC_MspDeInit
                0x0802fc74                HAL_QSPI_MspInit
                0x0802fd3c                HAL_QSPI_MspDeInit
                0x0802fd90                HAL_RTC_MspInit
                0x0802fdc4                HAL_RTC_MspDeInit
                0x0802fdf8                HAL_SD_MspInit
                0x0802fe7c                HAL_SD_MspDeInit
                0x0802fec4                HAL_SPDIFRX_MspInit
                0x0802ff20                HAL_SPDIFRX_MspDeInit
                0x0802ff58                HAL_SPI_MspInit
                0x0802ffdc                HAL_SPI_MspDeInit
                0x08030024                HAL_TIM_Base_MspInit
                0x08030100                HAL_TIM_PWM_MspInit
                0x08030140                HAL_TIM_MspPostInit
                0x08030250                HAL_TIM_Base_MspDeInit
                0x080302f0                HAL_TIM_PWM_MspDeInit
                0x08030324                HAL_UART_MspInit
                0x080303f4                HAL_UART_MspDeInit
                0x08030464                HAL_SAI_MspInit
                0x08030538                HAL_SAI_MspDeInit
 .text          0x080305c4       0xf8 /home/user/template-qbs-stm32f746g-disco/template-qbs-stm32f746g-disco/build-template-qbs-stm32f46g-disco-arm_none_eabi_Cortex_M_with_openocd-Debug/qtc_arm_none_eabi_Cortex_M_with_openocd_Debug/QT-STM32746G-Discovery.7927c242/ee04ca64cd372e07/stm32f7xx_hal_timebase_TIM.c.o
                0x080305c4                HAL_InitTick
                0x08030674                HAL_SuspendTick
                0x08030698                HAL_ResumeTick
 .text          0x080306bc       0x70 /home/user/template-qbs-stm32f746g-disco/template-qbs-stm32f746g-disco/build-template-qbs-stm32f46g-disco-arm_none_eabi_Cortex_M_with_openocd-Debug/qtc_arm_none_eabi_Cortex_M_with_openocd_Debug/QT-STM32746G-Discovery.7927c242/ee04ca64cd372e07/stm32f7xx_it.c.o
                0x080306bc                SysTick_Handler
                0x080306c8                TIM6_DAC_IRQHandler
                0x080306dc                OTG_FS_IRQHandler
                0x080306f0                OTG_HS_IRQHandler
                0x08030704                LTDC_IRQHandler
                0x08030718                DMA2D_IRQHandler
 .text          0x0803072c      0x164 /home/user/template-qbs-stm32f746g-disco/template-qbs-stm32f746g-disco/build-template-qbs-stm32f46g-disco-arm_none_eabi_Cortex_M_with_openocd-Debug/qtc_arm_none_eabi_Cortex_M_with_openocd_Debug/QT-STM32746G-Discovery.7927c242/ee04ca64cd372e07/system_stm32f7xx.c.o
                0x0803072c                SystemInit
                0x08030798                SystemCoreClockUpdate
 .text          0x08030890       0x88 /home/user/template-qbs-stm32f746g-disco/template-qbs-stm32f746g-disco/build-template-qbs-stm32f46g-disco-arm_none_eabi_Cortex_M_with_openocd-Debug/qtc_arm_none_eabi_Cortex_M_with_openocd_Debug/QT-STM32746G-Discovery.7927c242/ee04ca64cd372e07/usb_host.c.o
                0x08030890                MX_USB_HOST_Init
 .text          0x08030918      0x7c4 /home/user/template-qbs-stm32f746g-disco/template-qbs-stm32f746g-disco/build-template-qbs-stm32f46g-disco-arm_none_eabi_Cortex_M_with_openocd-Debug/qtc_arm_none_eabi_Cortex_M_with_openocd_Debug/QT-STM32746G-Discovery.7927c242/ee04ca64cd372e07/usbh_conf.c.o
                0x08030918                HAL_HCD_MspInit
                0x08030a7c                HAL_HCD_MspDeInit
                0x08030b18                HAL_HCD_SOF_Callback
                0x08030b34                HAL_HCD_Connect_Callback
                0x08030b50                HAL_HCD_Disconnect_Callback
                0x08030b6c                HAL_HCD_HC_NotifyURBChange_Callback
                0x08030b90                USBH_LL_Init
                0x08030c10                USBH_LL_DeInit
                0x08030c74                USBH_LL_Start
                0x08030cd8                USBH_LL_Stop
                0x08030d3c                USBH_LL_GetSpeed
                0x08030d88                USBH_LL_ResetPort
                0x08030dec                USBH_LL_GetLastXferSize
                0x08030e14                USBH_LL_OpenPipe
                0x08030ea0                USBH_LL_ClosePipe
                0x08030f0c                USBH_LL_SubmitURB
                0x08030f9c                USBH_LL_GetURBState
                0x08030fc4                USBH_LL_DriverVBUS
                0x08030ff4                USBH_LL_SetToggle
                0x0803105c                USBH_LL_GetToggle
                0x080310c4                USBH_Delay
 .text          0x080310dc       0x38 /home/user/template-qbs-stm32f746g-disco/template-qbs-stm32f746g-disco/build-template-qbs-stm32f46g-disco-arm_none_eabi_Cortex_M_with_openocd-Debug/qtc_arm_none_eabi_Cortex_M_with_openocd_Debug/QT-STM32746G-Discovery.7927c242/ee04ca64cd372e07/usbh_platform.c.o
                0x080310dc                MX_DriverVbusFS
 .text          0x08031114      0x408 /home/user/template-qbs-stm32f746g-disco/template-qbs-stm32f746g-disco/build-template-qbs-stm32f46g-disco-arm_none_eabi_Cortex_M_with_openocd-Debug/qtc_arm_none_eabi_Cortex_M_with_openocd_Debug/QT-STM32746G-Discovery.7927c242/f1a2b1d15b04fc74/heap_4.c.o
                0x08031114                pvPortMalloc
                0x080312ac                vPortFree
                0x08031364                xPortGetFreeHeapSize
                0x0803137c                xPortGetMinimumEverFreeHeapSize
                0x08031394                vPortInitialiseBlocks
 .text          0x0803151c      0x940 /home/user/template-qbs-stm32f746g-disco/template-qbs-stm32f746g-disco/build-template-qbs-stm32f46g-disco-arm_none_eabi_Cortex_M_with_openocd-Debug/qtc_arm_none_eabi_Cortex_M_with_openocd_Debug/QT-STM32746G-Discovery.7927c242/f25a89e768a8c55d/usbh_cdc.c.o
                0x080319dc                USBH_CDC_Stop
                0x08031ab0                USBH_CDC_SetLineCoding
                0x08031af8                USBH_CDC_GetLineCoding
                0x08031b40                USBH_CDC_GetLastReceivedDataSize
                0x08031b78                USBH_CDC_Transmit
                0x08031be0                USBH_CDC_Receive
                0x08031e20                USBH_CDC_TransmitCallback
                0x08031e34                USBH_CDC_ReceiveCallback
                0x08031e48                USBH_CDC_LineCodingChanged
 .text          0x08031e5c       0x30 /home/user/gcc-arm-none-eabi-5_4-2016q3/bin/../lib/gcc/arm-none-eabi/5.4.1/armv7e-m/fpu/fpv5-d16/libgcc.a(_aeabi_uldivmod.o)
                0x08031e5c                __aeabi_uldivmod
 .text          0x08031e8c      0x2e4 /home/user/gcc-arm-none-eabi-5_4-2016q3/bin/../lib/gcc/arm-none-eabi/5.4.1/armv7e-m/fpu/fpv5-d16/libgcc.a(_udivmoddi4.o)
                0x08031e8c                __udivmoddi4
 .text          0x08032170        0x4 /home/user/gcc-arm-none-eabi-5_4-2016q3/bin/../lib/gcc/arm-none-eabi/5.4.1/armv7e-m/fpu/fpv5-d16/libgcc.a(_dvmd_tls.o)
                0x08032170                __aeabi_ldiv0
                0x08032170                __aeabi_idiv0
 .text          0x08032174      0x134 /home/user/gcc-arm-none-eabi-5_4-2016q3/bin/../lib/gcc/arm-none-eabi/5.4.1/../../../../arm-none-eabi/lib/armv7e-m/fpu/fpv5-d16/libc.a(lib_a-memcpy.o)
                0x08032174                memcpy
 *(.text*)
 .text.__libc_init_array
                0x080322a8       0x50 /home/user/gcc-arm-none-eabi-5_4-2016q3/bin/../lib/gcc/arm-none-eabi/5.4.1/../../../../arm-none-eabi/lib/armv7e-m/fpu/fpv5-d16/libc.a(lib_a-init.o)
                0x080322a8                __libc_init_array
 .text.memset   0x080322f8       0x9c /home/user/gcc-arm-none-eabi-5_4-2016q3/bin/../lib/gcc/arm-none-eabi/5.4.1/../../../../arm-none-eabi/lib/armv7e-m/fpu/fpv5-d16/libc.a(lib_a-memset.o)
                0x080322f8                memset
 .text.startup.register_fini
                0x08032394       0x14 /home/user/gcc-arm-none-eabi-5_4-2016q3/bin/../lib/gcc/arm-none-eabi/5.4.1/../../../../arm-none-eabi/lib/armv7e-m/fpu/fpv5-d16/libc.a(lib_a-__call_atexit.o)
 .text.atexit   0x080323a8        0xc /home/user/gcc-arm-none-eabi-5_4-2016q3/bin/../lib/gcc/arm-none-eabi/5.4.1/../../../../arm-none-eabi/lib/armv7e-m/fpu/fpv5-d16/libc.a(lib_a-atexit.o)
                0x080323a8                atexit
 .text.__libc_fini_array
                0x080323b4       0x28 /home/user/gcc-arm-none-eabi-5_4-2016q3/bin/../lib/gcc/arm-none-eabi/5.4.1/../../../../arm-none-eabi/lib/armv7e-m/fpu/fpv5-d16/libc.a(lib_a-fini.o)
                0x080323b4                __libc_fini_array
 .text.__register_exitproc
                0x080323dc       0xa4 /home/user/gcc-arm-none-eabi-5_4-2016q3/bin/../lib/gcc/arm-none-eabi/5.4.1/../../../../arm-none-eabi/lib/armv7e-m/fpu/fpv5-d16/libc.a(lib_a-__atexit.o)
                0x080323dc                __register_exitproc
 .text.Reset_Handler
                0x08032480       0x50 /home/user/template-qbs-stm32f746g-disco/template-qbs-stm32f746g-disco/build-template-qbs-stm32f46g-disco-arm_none_eabi_Cortex_M_with_openocd-Debug/qtc_arm_none_eabi_Cortex_M_with_openocd_Debug/QT-STM32746G-Discovery.7927c242/1396dc6ed8d6b3b7/startup_stm32f746xx.s.o
                0x08032480                Reset_Handler
 .text.Default_Handler
                0x080324d0        0x2 /home/user/template-qbs-stm32f746g-disco/template-qbs-stm32f746g-disco/build-template-qbs-stm32f46g-disco-arm_none_eabi_Cortex_M_with_openocd-Debug/qtc_arm_none_eabi_Cortex_M_with_openocd_Debug/QT-STM32746G-Discovery.7927c242/1396dc6ed8d6b3b7/startup_stm32f746xx.s.o
                0x080324d0                RTC_Alarm_IRQHandler
                0x080324d0                EXTI2_IRQHandler
                0x080324d0                TIM8_CC_IRQHandler
                0x080324d0                DebugMon_Handler
                0x080324d0                UART8_IRQHandler
                0x080324d0                SPI4_IRQHandler
                0x080324d0                TIM1_CC_IRQHandler
                0x080324d0                DMA2_Stream5_IRQHandler
                0x080324d0                HardFault_Handler
                0x080324d0                DMA1_Stream5_IRQHandler
                0x080324d0                PVD_IRQHandler
                0x080324d0                TAMP_STAMP_IRQHandler
                0x080324d0                NMI_Handler
                0x080324d0                CAN2_RX1_IRQHandler
                0x080324d0                EXTI3_IRQHandler
                0x080324d0                TIM8_TRG_COM_TIM14_IRQHandler
                0x080324d0                TIM1_UP_TIM10_IRQHandler
                0x080324d0                TIM8_UP_TIM13_IRQHandler
                0x080324d0                I2C3_ER_IRQHandler
                0x080324d0                EXTI0_IRQHandler
                0x080324d0                I2C2_EV_IRQHandler
                0x080324d0                DMA1_Stream2_IRQHandler
                0x080324d0                CAN1_RX0_IRQHandler
                0x080324d0                FPU_IRQHandler
                0x080324d0                OTG_HS_WKUP_IRQHandler
                0x080324d0                UsageFault_Handler
                0x080324d0                LTDC_ER_IRQHandler
                0x080324d0                CAN2_SCE_IRQHandler
                0x080324d0                DMA2_Stream2_IRQHandler
                0x080324d0                SPI1_IRQHandler
                0x080324d0                TIM1_BRK_TIM9_IRQHandler
                0x080324d0                DCMI_IRQHandler
                0x080324d0                CAN2_RX0_IRQHandler
                0x080324d0                DMA2_Stream3_IRQHandler
                0x080324d0                SAI2_IRQHandler
                0x080324d0                USART6_IRQHandler
                0x080324d0                USART3_IRQHandler
                0x080324d0                CAN1_RX1_IRQHandler
                0x080324d0                UART5_IRQHandler
                0x080324d0                DMA2_Stream0_IRQHandler
                0x080324d0                TIM4_IRQHandler
                0x080324d0                QUADSPI_IRQHandler
                0x080324d0                I2C1_EV_IRQHandler
                0x080324d0                DMA1_Stream6_IRQHandler
                0x080324d0                DMA1_Stream1_IRQHandler
                0x080324d0                UART4_IRQHandler
                0x080324d0                TIM3_IRQHandler
                0x080324d0                RCC_IRQHandler
                0x080324d0                TIM8_BRK_TIM12_IRQHandler
                0x080324d0                Default_Handler
                0x080324d0                CEC_IRQHandler
                0x080324d0                EXTI15_10_IRQHandler
                0x080324d0                ADC_IRQHandler
                0x080324d0                DMA1_Stream7_IRQHandler
                0x080324d0                SPI5_IRQHandler
                0x080324d0                TIM7_IRQHandler
                0x080324d0                SDMMC1_IRQHandler
                0x080324d0                CAN2_TX_IRQHandler
                0x080324d0                TIM5_IRQHandler
                0x080324d0                DMA2_Stream7_IRQHandler
                0x080324d0                I2C3_EV_IRQHandler
                0x080324d0                EXTI9_5_IRQHandler
                0x080324d0                RTC_WKUP_IRQHandler
                0x080324d0                ETH_WKUP_IRQHandler
                0x080324d0                SPDIF_RX_IRQHandler
                0x080324d0                SPI2_IRQHandler
                0x080324d0                OTG_HS_EP1_IN_IRQHandler
                0x080324d0                MemManage_Handler
                0x080324d0                DMA1_Stream0_IRQHandler
                0x080324d0                CAN1_TX_IRQHandler
                0x080324d0                EXTI4_IRQHandler
                0x080324d0                RNG_IRQHandler
                0x080324d0                ETH_IRQHandler
                0x080324d0                OTG_HS_EP1_OUT_IRQHandler
                0x080324d0                WWDG_IRQHandler
                0x080324d0                SPI6_IRQHandler
                0x080324d0                I2C4_EV_IRQHandler
                0x080324d0                TIM2_IRQHandler
                0x080324d0                OTG_FS_WKUP_IRQHandler
                0x080324d0                TIM1_TRG_COM_TIM11_IRQHandler
                0x080324d0                EXTI1_IRQHandler
                0x080324d0                UART7_IRQHandler
                0x080324d0                USART2_IRQHandler
                0x080324d0                I2C2_ER_IRQHandler
                0x080324d0                DMA2_Stream1_IRQHandler
                0x080324d0                CAN1_SCE_IRQHandler
                0x080324d0                FLASH_IRQHandler
                0x080324d0                DMA2_Stream4_IRQHandler
                0x080324d0                BusFault_Handler
                0x080324d0                USART1_IRQHandler
                0x080324d0                SPI3_IRQHandler
                0x080324d0                DMA1_Stream4_IRQHandler
                0x080324d0                I2C1_ER_IRQHandler
                0x080324d0                FMC_IRQHandler
                0x080324d0                LPTIM1_IRQHandler
                0x080324d0                I2C4_ER_IRQHandler